2025-12-06 00:22:37 | INFO     | SYSTEM | ğŸ“‚ Project State loaded from workspace/mamba_weather_v1/project_state.json
2025-12-06 00:22:37 | INFO     | SYSTEM | 
==================== PHASE START: ARCHITECT ====================
2025-12-06 00:22:37 | INFO     | SYSTEM | ğŸ“‚ Project State loaded from workspace/mamba_weather_v1/project_state.json
2025-12-06 00:22:37 | INFO     | SYSTEM | ğŸ’¾ Project State saved to workspace/mamba_weather_v1/project_state.json
2025-12-06 00:22:37 | INFO     | SYSTEM | 
>>> ğŸ›¡ï¸ Architect Review Cycle 1/2 <<<
2025-12-06 00:22:37 | INFO     | SYSTEM | Task Started: Architecting solution for Deep Learning and Time Series Forecasting...
2025-12-06 00:23:02 | INFO     | SYSTEM | Blueprint generated. Planned 3 files.
2025-12-06 00:23:02 | INFO     | SYSTEM | ğŸ“„ Review file generated: workspace/mamba_weather_v1/reviews/03_Architect_Round_1_review.md
2025-12-06 00:23:02 | INFO     | SYSTEM | [03_Architect_Round_1] Autonomous Mode: Delegating to Reviewer Agent.
2025-12-06 00:23:02 | INFO     | SYSTEM | ğŸ§ Reviewer #2 evaluating: 03_Architect_Round_1 (Iter: 0)...
2025-12-06 00:23:09 | INFO     | SYSTEM | Review Result: ReviewDecision.REJECT (Score: 5/10)
2025-12-06 00:23:09 | INFO     | SYSTEM | ğŸ”„ Revision Requested: 1. Implement a configuration system to manage hyperparameters instead of hardcoding them. 2. Ensure that `requirements.txt` is properly defined and included in the project structure. 3. Clarify the main execution flow with detailed comments on how data flows through the system and how the components interact. 4. Consider adding a testing framework to validate the functionality of each component.
2025-12-06 00:23:09 | INFO     | SYSTEM | 
>>> ğŸ›¡ï¸ Architect Review Cycle 2/2 <<<
2025-12-06 00:23:09 | INFO     | SYSTEM | Task Started: Architecting solution for Deep Learning and Time Series Forecasting...
2025-12-06 00:23:34 | INFO     | SYSTEM | Blueprint generated. Planned 3 files.
2025-12-06 00:23:34 | INFO     | SYSTEM | ğŸ“„ Review file generated: workspace/mamba_weather_v1/reviews/03_Architect_Round_2_review.md
2025-12-06 00:23:34 | INFO     | SYSTEM | [03_Architect_Round_2] Autonomous Mode: Delegating to Reviewer Agent.
2025-12-06 00:23:34 | INFO     | SYSTEM | ğŸ§ Reviewer #2 evaluating: 03_Architect_Round_2 (Iter: 1)...
2025-12-06 00:23:39 | INFO     | SYSTEM | Review Result: ReviewDecision.REJECT (Score: 5/10)
2025-12-06 00:23:39 | INFO     | SYSTEM | ğŸ”„ Revision Requested: 1. Implement a configuration management system (e.g., using a YAML or JSON file) to handle hyperparameters instead of hardcoding them. 2. Enhance the documentation to provide a clearer overview of the architecture and how the components interact. 3. Consider adding unit tests to ensure the reliability of each module.
2025-12-06 00:23:39 | WARNING  | SYSTEM | âš ï¸ Max loops reached. Saving latest design.
2025-12-06 00:23:39 | INFO     | SYSTEM | ğŸ’¾ Project State saved to workspace/mamba_weather_v1/project_state.json
2025-12-06 00:23:39 | INFO     | SYSTEM | âœ… PHASE COMPLETE: ARCHITECT
2025-12-06 00:58:41 | INFO     | SYSTEM | ğŸ“‚ Project State loaded from workspace/mamba_weather_v1/project_state.json
2025-12-06 00:58:41 | INFO     | SYSTEM | 
==================== PHASE START: RESEARCH ====================
2025-12-06 00:58:41 | INFO     | SYSTEM | ğŸ“‚ Project State loaded from workspace/mamba_weather_v1/project_state.json
2025-12-06 00:58:41 | INFO     | SYSTEM | ğŸ’¾ Project State saved to workspace/mamba_weather_v1/project_state.json
2025-12-06 00:58:41 | INFO     | SYSTEM | â© Phase research already completed. Skipping...
2025-12-06 00:58:41 | INFO     | SYSTEM | 
==================== PHASE START: THEORY ====================
2025-12-06 00:58:41 | INFO     | SYSTEM | ğŸ“‚ Project State loaded from workspace/mamba_weather_v1/project_state.json
2025-12-06 00:58:41 | INFO     | SYSTEM | ğŸ’¾ Project State saved to workspace/mamba_weather_v1/project_state.json
2025-12-06 00:58:41 | INFO     | SYSTEM | â© Phase theory already completed. Skipping...
2025-12-06 00:58:41 | INFO     | SYSTEM | 
==================== PHASE START: ARCHITECT ====================
2025-12-06 00:58:41 | INFO     | SYSTEM | ğŸ“‚ Project State loaded from workspace/mamba_weather_v1/project_state.json
2025-12-06 00:58:41 | INFO     | SYSTEM | ğŸ’¾ Project State saved to workspace/mamba_weather_v1/project_state.json
2025-12-06 00:58:41 | INFO     | SYSTEM | â© Phase architect already completed. Skipping...
2025-12-06 00:59:03 | INFO     | SYSTEM | âœ¨ Initializing new Project State.
2025-12-06 00:59:03 | INFO     | SYSTEM | ğŸ’¾ Project State saved to workspace/mamba_weather_v1/project_state.json
2025-12-06 00:59:03 | INFO     | SYSTEM | 
==================== PHASE START: RESEARCH ====================
2025-12-06 00:59:03 | INFO     | SYSTEM | ğŸ“‚ Project State loaded from workspace/mamba_weather_v1/project_state.json
2025-12-06 00:59:03 | INFO     | SYSTEM | ğŸ’¾ Project State saved to workspace/mamba_weather_v1/project_state.json
2025-12-06 00:59:03 | INFO     | SYSTEM | Initializing Researcher with existing knowledge base...
2025-12-06 00:59:03 | INFO     | SYSTEM | 
>>> ğŸ›¡ï¸ Research Review Cycle 1/3 <<<
2025-12-06 00:59:03 | INFO     | SYSTEM |    --- Internal Step 1/2 ---
2025-12-06 00:59:03 | INFO     | SYSTEM | Task Started. Knowledge Base size: 0 papers.
2025-12-06 00:59:26 | ERROR    | SYSTEM | [researcher] Struct parse failed finally: LLM API Call Failed: Error code: 429 - {'error': {'message': 'Rate limit reached for gpt-4o-mini in organization org-N8bQVcEvwbsLtGGG9n6QzsKr on requests per day (RPD): Limit 10000, Used 10000, Requested 1. Please try again in 8.64s. Visit https://***.com/***/*** to learn more. (request id: 20251206005923847979924f7MxGES0)', 'type': 'openai_error', 'param': '', 'code': 'rate_limit_exceeded'}}
2025-12-06 00:59:26 | ERROR    | SYSTEM | Researcher internal loop error: Agent researcher failed struct parsing.
2025-12-06 00:59:26 | ERROR    | SYSTEM | Traceback (most recent call last):
  File "/mnt/c/lihan_work/NWPU/science/251107_agent/test_1204/src/core/llm.py", line 32, in call_llm
    response = client.chat.completions.create(
               ^^^^^^^^^^^^^^^^^^^^^^^^^^^^^^^
  File "/home/lihan/anaconda3/envs/dev_agent_1/lib/python3.12/site-packages/openai/_utils/_utils.py", line 286, in wrapper
    return func(*args, **kwargs)
           ^^^^^^^^^^^^^^^^^^^^^
  File "/home/lihan/anaconda3/envs/dev_agent_1/lib/python3.12/site-packages/openai/resources/chat/completions/completions.py", line 1189, in create
    return self._post(
           ^^^^^^^^^^^
  File "/home/lihan/anaconda3/envs/dev_agent_1/lib/python3.12/site-packages/openai/_base_client.py", line 1259, in post
    return cast(ResponseT, self.request(cast_to, opts, stream=stream, stream_cls=stream_cls))
                           ^^^^^^^^^^^^^^^^^^^^^^^^^^^^^^^^^^^^^^^^^^^^^^^^^^^^^^^^^^^^^^^^^
  File "/home/lihan/anaconda3/envs/dev_agent_1/lib/python3.12/site-packages/openai/_base_client.py", line 1047, in request
    raise self._make_status_error_from_response(err.response) from None
openai.RateLimitError: Error code: 429 - {'error': {'message': 'Rate limit reached for gpt-4o-mini in organization org-N8bQVcEvwbsLtGGG9n6QzsKr on requests per day (RPD): Limit 10000, Used 10000, Requested 1. Please try again in 8.64s. Visit https://***.com/***/*** to learn more. (request id: 20251206005923847979924f7MxGES0)', 'type': 'openai_error', 'param': '', 'code': 'rate_limit_exceeded'}}

During handling of the above exception, another exception occurred:

Traceback (most recent call last):
  File "/mnt/c/lihan_work/NWPU/science/251107_agent/test_1204/src/agents/base.py", line 73, in call_llm_with_struct
    raw_resp = call_llm(
               ^^^^^^^^^
  File "/mnt/c/lihan_work/NWPU/science/251107_agent/test_1204/src/core/llm.py", line 49, in call_llm
    raise RuntimeError(f"LLM API Call Failed: {str(e)}")
RuntimeError: LLM API Call Failed: Error code: 429 - {'error': {'message': 'Rate limit reached for gpt-4o-mini in organization org-N8bQVcEvwbsLtGGG9n6QzsKr on requests per day (RPD): Limit 10000, Used 10000, Requested 1. Please try again in 8.64s. Visit https://***.com/***/*** to learn more. (request id: 20251206005923847979924f7MxGES0)', 'type': 'openai_error', 'param': '', 'code': 'rate_limit_exceeded'}}

During handling of the above exception, another exception occurred:

Traceback (most recent call last):
  File "/mnt/c/lihan_work/NWPU/science/251107_agent/test_1204/src/phases/phase_01_research.py", line 44, in run_phase_logic
    last_report = researcher.run(user_idea=current_input)
                  ^^^^^^^^^^^^^^^^^^^^^^^^^^^^^^^^^^^^^^^
  File "/mnt/c/lihan_work/NWPU/science/251107_agent/test_1204/src/agents/researcher.py", line 36, in run
    query_result = self.call_llm_with_struct(
                   ^^^^^^^^^^^^^^^^^^^^^^^^^^
  File "/mnt/c/lihan_work/NWPU/science/251107_agent/test_1204/src/agents/base.py", line 85, in call_llm_with_struct
    raise RuntimeError(f"Agent {self.role_name} failed struct parsing.")
RuntimeError: Agent researcher failed struct parsing.

2025-12-06 00:59:26 | INFO     | SYSTEM |    --- Internal Step 2/2 ---
2025-12-06 00:59:26 | INFO     | SYSTEM | Task Started. Knowledge Base size: 0 papers.
2025-12-06 01:00:42 | INFO     | SYSTEM | ğŸ“‚ Project State loaded from workspace/mamba_weather_v1/project_state.json
2025-12-06 01:00:42 | INFO     | SYSTEM | 
==================== PHASE START: RESEARCH ====================
2025-12-06 01:00:42 | INFO     | SYSTEM | ğŸ“‚ Project State loaded from workspace/mamba_weather_v1/project_state.json
2025-12-06 01:00:42 | INFO     | SYSTEM | ğŸ’¾ Project State saved to workspace/mamba_weather_v1/project_state.json
2025-12-06 01:00:42 | INFO     | SYSTEM | Initializing Researcher with existing knowledge base...
2025-12-06 01:00:42 | INFO     | SYSTEM | 
>>> ğŸ›¡ï¸ Research Review Cycle 1/3 <<<
2025-12-06 01:00:42 | INFO     | SYSTEM |    --- Internal Step 1/2 ---
2025-12-06 01:00:42 | INFO     | SYSTEM | Task Started. Knowledge Base size: 0 papers.
2025-12-06 01:01:59 | INFO     | SYSTEM | ğŸ“‚ Project State loaded from workspace/mamba_weather_v1/project_state.json
2025-12-06 01:01:59 | INFO     | SYSTEM | 
==================== PHASE START: RESEARCH ====================
2025-12-06 01:01:59 | INFO     | SYSTEM | ğŸ“‚ Project State loaded from workspace/mamba_weather_v1/project_state.json
2025-12-06 01:01:59 | INFO     | SYSTEM | ğŸ’¾ Project State saved to workspace/mamba_weather_v1/project_state.json
2025-12-06 01:01:59 | INFO     | SYSTEM | Initializing Researcher with existing knowledge base...
2025-12-06 01:01:59 | INFO     | SYSTEM | 
>>> ğŸ›¡ï¸ Research Review Cycle 1/3 <<<
2025-12-06 01:01:59 | INFO     | SYSTEM |    --- Internal Step 1/2 ---
2025-12-06 01:01:59 | INFO     | SYSTEM | Task Started. Knowledge Base size: 0 papers.
2025-12-06 01:02:28 | ERROR    | SYSTEM | [researcher] Struct parse failed finally: LLM API Call Failed: Error code: 429 - {'error': {'message': 'Rate limit reached for gpt-4o-mini in organization org-N8bQVcEvwbsLtGGG9n6QzsKr on requests per day (RPD): Limit 10000, Used 10000, Requested 1. Please try again in 8.64s. Visit https://***.com/***/*** to learn more. (request id: 202512060102272522789761L8iPQhr)', 'type': 'openai_error', 'param': '', 'code': 'rate_limit_exceeded'}}
2025-12-06 01:02:28 | ERROR    | SYSTEM | Researcher internal loop error: Agent researcher failed struct parsing.
2025-12-06 01:02:28 | ERROR    | SYSTEM | Traceback (most recent call last):
  File "/mnt/c/lihan_work/NWPU/science/251107_agent/test_1204/src/core/llm.py", line 32, in call_llm
    response = client.chat.completions.create(
               ^^^^^^^^^^^^^^^^^^^^^^^^^^^^^^^
  File "/home/lihan/anaconda3/envs/dev_agent_1/lib/python3.12/site-packages/openai/_utils/_utils.py", line 286, in wrapper
    return func(*args, **kwargs)
           ^^^^^^^^^^^^^^^^^^^^^
  File "/home/lihan/anaconda3/envs/dev_agent_1/lib/python3.12/site-packages/openai/resources/chat/completions/completions.py", line 1189, in create
    return self._post(
           ^^^^^^^^^^^
  File "/home/lihan/anaconda3/envs/dev_agent_1/lib/python3.12/site-packages/openai/_base_client.py", line 1259, in post
    return cast(ResponseT, self.request(cast_to, opts, stream=stream, stream_cls=stream_cls))
                           ^^^^^^^^^^^^^^^^^^^^^^^^^^^^^^^^^^^^^^^^^^^^^^^^^^^^^^^^^^^^^^^^^
  File "/home/lihan/anaconda3/envs/dev_agent_1/lib/python3.12/site-packages/openai/_base_client.py", line 1047, in request
    raise self._make_status_error_from_response(err.response) from None
openai.RateLimitError: Error code: 429 - {'error': {'message': 'Rate limit reached for gpt-4o-mini in organization org-N8bQVcEvwbsLtGGG9n6QzsKr on requests per day (RPD): Limit 10000, Used 10000, Requested 1. Please try again in 8.64s. Visit https://***.com/***/*** to learn more. (request id: 202512060102272522789761L8iPQhr)', 'type': 'openai_error', 'param': '', 'code': 'rate_limit_exceeded'}}

During handling of the above exception, another exception occurred:

Traceback (most recent call last):
  File "/mnt/c/lihan_work/NWPU/science/251107_agent/test_1204/src/agents/base.py", line 73, in call_llm_with_struct
    raw_resp = call_llm(
               ^^^^^^^^^
  File "/mnt/c/lihan_work/NWPU/science/251107_agent/test_1204/src/core/llm.py", line 49, in call_llm
    raise RuntimeError(f"LLM API Call Failed: {str(e)}")
RuntimeError: LLM API Call Failed: Error code: 429 - {'error': {'message': 'Rate limit reached for gpt-4o-mini in organization org-N8bQVcEvwbsLtGGG9n6QzsKr on requests per day (RPD): Limit 10000, Used 10000, Requested 1. Please try again in 8.64s. Visit https://***.com/***/*** to learn more. (request id: 202512060102272522789761L8iPQhr)', 'type': 'openai_error', 'param': '', 'code': 'rate_limit_exceeded'}}

During handling of the above exception, another exception occurred:

Traceback (most recent call last):
  File "/mnt/c/lihan_work/NWPU/science/251107_agent/test_1204/src/phases/phase_01_research.py", line 44, in run_phase_logic
    last_report = researcher.run(user_idea=current_input)
                  ^^^^^^^^^^^^^^^^^^^^^^^^^^^^^^^^^^^^^^^
  File "/mnt/c/lihan_work/NWPU/science/251107_agent/test_1204/src/agents/researcher.py", line 36, in run
    query_result = self.call_llm_with_struct(
                   ^^^^^^^^^^^^^^^^^^^^^^^^^^
  File "/mnt/c/lihan_work/NWPU/science/251107_agent/test_1204/src/agents/base.py", line 85, in call_llm_with_struct
    raise RuntimeError(f"Agent {self.role_name} failed struct parsing.")
RuntimeError: Agent researcher failed struct parsing.

2025-12-06 01:02:28 | INFO     | SYSTEM |    --- Internal Step 2/2 ---
2025-12-06 01:02:28 | INFO     | SYSTEM | Task Started. Knowledge Base size: 0 papers.
2025-12-06 01:02:38 | ERROR    | SYSTEM | [researcher] Struct parse failed finally: LLM API Call Failed: Error code: 429 - {'error': {'message': 'Rate limit reached for gpt-4o-mini in organization org-N8bQVcEvwbsLtGGG9n6QzsKr on requests per day (RPD): Limit 10000, Used 10000, Requested 1. Please try again in 8.64s. Visit https://***.com/***/*** to learn more. (request id: 20251206010238132546200DWicS0iP)', 'type': 'openai_error', 'param': '', 'code': 'rate_limit_exceeded'}}
2025-12-06 01:02:38 | ERROR    | SYSTEM | Researcher internal loop error: Agent researcher failed struct parsing.
2025-12-06 01:02:38 | ERROR    | SYSTEM | Traceback (most recent call last):
  File "/mnt/c/lihan_work/NWPU/science/251107_agent/test_1204/src/core/llm.py", line 32, in call_llm
    response = client.chat.completions.create(
               ^^^^^^^^^^^^^^^^^^^^^^^^^^^^^^^
  File "/home/lihan/anaconda3/envs/dev_agent_1/lib/python3.12/site-packages/openai/_utils/_utils.py", line 286, in wrapper
    return func(*args, **kwargs)
           ^^^^^^^^^^^^^^^^^^^^^
  File "/home/lihan/anaconda3/envs/dev_agent_1/lib/python3.12/site-packages/openai/resources/chat/completions/completions.py", line 1189, in create
    return self._post(
           ^^^^^^^^^^^
  File "/home/lihan/anaconda3/envs/dev_agent_1/lib/python3.12/site-packages/openai/_base_client.py", line 1259, in post
    return cast(ResponseT, self.request(cast_to, opts, stream=stream, stream_cls=stream_cls))
                           ^^^^^^^^^^^^^^^^^^^^^^^^^^^^^^^^^^^^^^^^^^^^^^^^^^^^^^^^^^^^^^^^^
  File "/home/lihan/anaconda3/envs/dev_agent_1/lib/python3.12/site-packages/openai/_base_client.py", line 1047, in request
    raise self._make_status_error_from_response(err.response) from None
openai.RateLimitError: Error code: 429 - {'error': {'message': 'Rate limit reached for gpt-4o-mini in organization org-N8bQVcEvwbsLtGGG9n6QzsKr on requests per day (RPD): Limit 10000, Used 10000, Requested 1. Please try again in 8.64s. Visit https://***.com/***/*** to learn more. (request id: 20251206010238132546200DWicS0iP)', 'type': 'openai_error', 'param': '', 'code': 'rate_limit_exceeded'}}

During handling of the above exception, another exception occurred:

Traceback (most recent call last):
  File "/mnt/c/lihan_work/NWPU/science/251107_agent/test_1204/src/agents/base.py", line 73, in call_llm_with_struct
    raw_resp = call_llm(
               ^^^^^^^^^
  File "/mnt/c/lihan_work/NWPU/science/251107_agent/test_1204/src/core/llm.py", line 49, in call_llm
    raise RuntimeError(f"LLM API Call Failed: {str(e)}")
RuntimeError: LLM API Call Failed: Error code: 429 - {'error': {'message': 'Rate limit reached for gpt-4o-mini in organization org-N8bQVcEvwbsLtGGG9n6QzsKr on requests per day (RPD): Limit 10000, Used 10000, Requested 1. Please try again in 8.64s. Visit https://***.com/***/*** to learn more. (request id: 20251206010238132546200DWicS0iP)', 'type': 'openai_error', 'param': '', 'code': 'rate_limit_exceeded'}}

During handling of the above exception, another exception occurred:

Traceback (most recent call last):
  File "/mnt/c/lihan_work/NWPU/science/251107_agent/test_1204/src/phases/phase_01_research.py", line 44, in run_phase_logic
    last_report = researcher.run(user_idea=current_input)
                  ^^^^^^^^^^^^^^^^^^^^^^^^^^^^^^^^^^^^^^^
  File "/mnt/c/lihan_work/NWPU/science/251107_agent/test_1204/src/agents/researcher.py", line 36, in run
    query_result = self.call_llm_with_struct(
                   ^^^^^^^^^^^^^^^^^^^^^^^^^^
  File "/mnt/c/lihan_work/NWPU/science/251107_agent/test_1204/src/agents/base.py", line 85, in call_llm_with_struct
    raise RuntimeError(f"Agent {self.role_name} failed struct parsing.")
RuntimeError: Agent researcher failed struct parsing.

2025-12-06 01:02:38 | INFO     | SYSTEM | 
>>> ğŸ›¡ï¸ Research Review Cycle 2/3 <<<
2025-12-06 01:02:38 | INFO     | SYSTEM |    --- Internal Step 1/2 ---
2025-12-06 01:02:38 | INFO     | SYSTEM | Task Started. Knowledge Base size: 0 papers.
2025-12-06 01:12:57 | INFO     | SYSTEM | âœ¨ Initializing new Project State.
2025-12-06 01:12:57 | INFO     | SYSTEM | ğŸ’¾ Project State saved to workspace/mamba_weather_v1/project_state.json
2025-12-06 01:12:57 | INFO     | SYSTEM | 
==================== PHASE START: RESEARCH ====================
2025-12-06 01:12:57 | INFO     | SYSTEM | ğŸ“‚ Project State loaded from workspace/mamba_weather_v1/project_state.json
2025-12-06 01:12:57 | INFO     | SYSTEM | ğŸ’¾ Project State saved to workspace/mamba_weather_v1/project_state.json
2025-12-06 01:12:57 | INFO     | SYSTEM | Initializing Researcher with existing knowledge base...
2025-12-06 01:12:57 | INFO     | SYSTEM | 
>>> ğŸ›¡ï¸ Research Review Cycle 1/3 <<<
2025-12-06 01:12:57 | INFO     | SYSTEM |    --- Internal Step 1/2 ---
2025-12-06 01:12:57 | INFO     | SYSTEM | Task Started. Knowledge Base size: 0 papers.
2025-12-06 01:12:57 | ERROR    | SYSTEM | [researcher] Struct parse failed finally: LLM API Call Failed: Error code: 401 - {'error': {'message': "Team not allowed to access model. Team=AI_PRD_SELF-PxcXDTuVk5apBhoZYBGHIo_MuevvMEQ54vVqRkt26Sw, Model=DeepSeek-V3.2. Allowed team models = ['DeepSeek-R1', 'DeepSeek-V3.2-Exp', 'DeepSeek-V3.1-Terminus', 'DeepSeek-V3-250324', 'DeepSeek-R1-0528', 'DeepSeek-V3.1']", 'type': 'team_model_access_denied', 'param': 'model', 'code': '401'}}
2025-12-06 01:12:57 | ERROR    | SYSTEM | Researcher internal loop error: Agent researcher failed struct parsing.
2025-12-06 01:12:57 | ERROR    | SYSTEM | Traceback (most recent call last):
  File "/mnt/c/lihan_work/NWPU/science/251107_agent/test_1204/src/core/llm.py", line 58, in call_llm
    response = client.chat.completions.create(**kwargs)
               ^^^^^^^^^^^^^^^^^^^^^^^^^^^^^^^^^^^^^^^^
  File "/home/lihan/anaconda3/envs/dev_agent_1/lib/python3.12/site-packages/openai/_utils/_utils.py", line 286, in wrapper
    return func(*args, **kwargs)
           ^^^^^^^^^^^^^^^^^^^^^
  File "/home/lihan/anaconda3/envs/dev_agent_1/lib/python3.12/site-packages/openai/resources/chat/completions/completions.py", line 1189, in create
    return self._post(
           ^^^^^^^^^^^
  File "/home/lihan/anaconda3/envs/dev_agent_1/lib/python3.12/site-packages/openai/_base_client.py", line 1259, in post
    return cast(ResponseT, self.request(cast_to, opts, stream=stream, stream_cls=stream_cls))
                           ^^^^^^^^^^^^^^^^^^^^^^^^^^^^^^^^^^^^^^^^^^^^^^^^^^^^^^^^^^^^^^^^^
  File "/home/lihan/anaconda3/envs/dev_agent_1/lib/python3.12/site-packages/openai/_base_client.py", line 1047, in request
    raise self._make_status_error_from_response(err.response) from None
openai.AuthenticationError: Error code: 401 - {'error': {'message': "Team not allowed to access model. Team=AI_PRD_SELF-PxcXDTuVk5apBhoZYBGHIo_MuevvMEQ54vVqRkt26Sw, Model=DeepSeek-V3.2. Allowed team models = ['DeepSeek-R1', 'DeepSeek-V3.2-Exp', 'DeepSeek-V3.1-Terminus', 'DeepSeek-V3-250324', 'DeepSeek-R1-0528', 'DeepSeek-V3.1']", 'type': 'team_model_access_denied', 'param': 'model', 'code': '401'}}

During handling of the above exception, another exception occurred:

Traceback (most recent call last):
  File "/mnt/c/lihan_work/NWPU/science/251107_agent/test_1204/src/agents/base.py", line 73, in call_llm_with_struct
    raw_resp = call_llm(
               ^^^^^^^^^
  File "/mnt/c/lihan_work/NWPU/science/251107_agent/test_1204/src/core/llm.py", line 70, in call_llm
    raise RuntimeError(f"LLM API Call Failed: {str(e)}")
RuntimeError: LLM API Call Failed: Error code: 401 - {'error': {'message': "Team not allowed to access model. Team=AI_PRD_SELF-PxcXDTuVk5apBhoZYBGHIo_MuevvMEQ54vVqRkt26Sw, Model=DeepSeek-V3.2. Allowed team models = ['DeepSeek-R1', 'DeepSeek-V3.2-Exp', 'DeepSeek-V3.1-Terminus', 'DeepSeek-V3-250324', 'DeepSeek-R1-0528', 'DeepSeek-V3.1']", 'type': 'team_model_access_denied', 'param': 'model', 'code': '401'}}

During handling of the above exception, another exception occurred:

Traceback (most recent call last):
  File "/mnt/c/lihan_work/NWPU/science/251107_agent/test_1204/src/phases/phase_01_research.py", line 44, in run_phase_logic
    last_report = researcher.run(user_idea=current_input)
                  ^^^^^^^^^^^^^^^^^^^^^^^^^^^^^^^^^^^^^^^
  File "/mnt/c/lihan_work/NWPU/science/251107_agent/test_1204/src/agents/researcher.py", line 36, in run
    query_result = self.call_llm_with_struct(
                   ^^^^^^^^^^^^^^^^^^^^^^^^^^
  File "/mnt/c/lihan_work/NWPU/science/251107_agent/test_1204/src/agents/base.py", line 85, in call_llm_with_struct
    raise RuntimeError(f"Agent {self.role_name} failed struct parsing.")
RuntimeError: Agent researcher failed struct parsing.

2025-12-06 01:12:57 | INFO     | SYSTEM |    --- Internal Step 2/2 ---
2025-12-06 01:12:57 | INFO     | SYSTEM | Task Started. Knowledge Base size: 0 papers.
2025-12-06 01:12:57 | ERROR    | SYSTEM | [researcher] Struct parse failed finally: LLM API Call Failed: Error code: 401 - {'error': {'message': "Team not allowed to access model. Team=AI_PRD_SELF-PxcXDTuVk5apBhoZYBGHIo_MuevvMEQ54vVqRkt26Sw, Model=DeepSeek-V3.2. Allowed team models = ['DeepSeek-R1', 'DeepSeek-V3.2-Exp', 'DeepSeek-V3.1-Terminus', 'DeepSeek-V3-250324', 'DeepSeek-R1-0528', 'DeepSeek-V3.1']", 'type': 'team_model_access_denied', 'param': 'model', 'code': '401'}}
2025-12-06 01:12:57 | ERROR    | SYSTEM | Researcher internal loop error: Agent researcher failed struct parsing.
2025-12-06 01:12:57 | ERROR    | SYSTEM | Traceback (most recent call last):
  File "/mnt/c/lihan_work/NWPU/science/251107_agent/test_1204/src/core/llm.py", line 58, in call_llm
    response = client.chat.completions.create(**kwargs)
               ^^^^^^^^^^^^^^^^^^^^^^^^^^^^^^^^^^^^^^^^
  File "/home/lihan/anaconda3/envs/dev_agent_1/lib/python3.12/site-packages/openai/_utils/_utils.py", line 286, in wrapper
    return func(*args, **kwargs)
           ^^^^^^^^^^^^^^^^^^^^^
  File "/home/lihan/anaconda3/envs/dev_agent_1/lib/python3.12/site-packages/openai/resources/chat/completions/completions.py", line 1189, in create
    return self._post(
           ^^^^^^^^^^^
  File "/home/lihan/anaconda3/envs/dev_agent_1/lib/python3.12/site-packages/openai/_base_client.py", line 1259, in post
    return cast(ResponseT, self.request(cast_to, opts, stream=stream, stream_cls=stream_cls))
                           ^^^^^^^^^^^^^^^^^^^^^^^^^^^^^^^^^^^^^^^^^^^^^^^^^^^^^^^^^^^^^^^^^
  File "/home/lihan/anaconda3/envs/dev_agent_1/lib/python3.12/site-packages/openai/_base_client.py", line 1047, in request
    raise self._make_status_error_from_response(err.response) from None
openai.AuthenticationError: Error code: 401 - {'error': {'message': "Team not allowed to access model. Team=AI_PRD_SELF-PxcXDTuVk5apBhoZYBGHIo_MuevvMEQ54vVqRkt26Sw, Model=DeepSeek-V3.2. Allowed team models = ['DeepSeek-R1', 'DeepSeek-V3.2-Exp', 'DeepSeek-V3.1-Terminus', 'DeepSeek-V3-250324', 'DeepSeek-R1-0528', 'DeepSeek-V3.1']", 'type': 'team_model_access_denied', 'param': 'model', 'code': '401'}}

During handling of the above exception, another exception occurred:

Traceback (most recent call last):
  File "/mnt/c/lihan_work/NWPU/science/251107_agent/test_1204/src/agents/base.py", line 73, in call_llm_with_struct
    raw_resp = call_llm(
               ^^^^^^^^^
  File "/mnt/c/lihan_work/NWPU/science/251107_agent/test_1204/src/core/llm.py", line 70, in call_llm
    raise RuntimeError(f"LLM API Call Failed: {str(e)}")
RuntimeError: LLM API Call Failed: Error code: 401 - {'error': {'message': "Team not allowed to access model. Team=AI_PRD_SELF-PxcXDTuVk5apBhoZYBGHIo_MuevvMEQ54vVqRkt26Sw, Model=DeepSeek-V3.2. Allowed team models = ['DeepSeek-R1', 'DeepSeek-V3.2-Exp', 'DeepSeek-V3.1-Terminus', 'DeepSeek-V3-250324', 'DeepSeek-R1-0528', 'DeepSeek-V3.1']", 'type': 'team_model_access_denied', 'param': 'model', 'code': '401'}}

During handling of the above exception, another exception occurred:

Traceback (most recent call last):
  File "/mnt/c/lihan_work/NWPU/science/251107_agent/test_1204/src/phases/phase_01_research.py", line 44, in run_phase_logic
    last_report = researcher.run(user_idea=current_input)
                  ^^^^^^^^^^^^^^^^^^^^^^^^^^^^^^^^^^^^^^^
  File "/mnt/c/lihan_work/NWPU/science/251107_agent/test_1204/src/agents/researcher.py", line 36, in run
    query_result = self.call_llm_with_struct(
                   ^^^^^^^^^^^^^^^^^^^^^^^^^^
  File "/mnt/c/lihan_work/NWPU/science/251107_agent/test_1204/src/agents/base.py", line 85, in call_llm_with_struct
    raise RuntimeError(f"Agent {self.role_name} failed struct parsing.")
RuntimeError: Agent researcher failed struct parsing.

2025-12-06 01:12:57 | INFO     | SYSTEM | 
>>> ğŸ›¡ï¸ Research Review Cycle 2/3 <<<
2025-12-06 01:12:57 | INFO     | SYSTEM |    --- Internal Step 1/2 ---
2025-12-06 01:12:57 | INFO     | SYSTEM | Task Started. Knowledge Base size: 0 papers.
2025-12-06 01:12:58 | ERROR    | SYSTEM | [researcher] Struct parse failed finally: LLM API Call Failed: Error code: 401 - {'error': {'message': "Team not allowed to access model. Team=AI_PRD_SELF-PxcXDTuVk5apBhoZYBGHIo_MuevvMEQ54vVqRkt26Sw, Model=DeepSeek-V3.2. Allowed team models = ['DeepSeek-R1', 'DeepSeek-V3.2-Exp', 'DeepSeek-V3.1-Terminus', 'DeepSeek-V3-250324', 'DeepSeek-R1-0528', 'DeepSeek-V3.1']", 'type': 'team_model_access_denied', 'param': 'model', 'code': '401'}}
2025-12-06 01:12:58 | ERROR    | SYSTEM | Researcher internal loop error: Agent researcher failed struct parsing.
2025-12-06 01:12:58 | ERROR    | SYSTEM | Traceback (most recent call last):
  File "/mnt/c/lihan_work/NWPU/science/251107_agent/test_1204/src/core/llm.py", line 58, in call_llm
    response = client.chat.completions.create(**kwargs)
               ^^^^^^^^^^^^^^^^^^^^^^^^^^^^^^^^^^^^^^^^
  File "/home/lihan/anaconda3/envs/dev_agent_1/lib/python3.12/site-packages/openai/_utils/_utils.py", line 286, in wrapper
    return func(*args, **kwargs)
           ^^^^^^^^^^^^^^^^^^^^^
  File "/home/lihan/anaconda3/envs/dev_agent_1/lib/python3.12/site-packages/openai/resources/chat/completions/completions.py", line 1189, in create
    return self._post(
           ^^^^^^^^^^^
  File "/home/lihan/anaconda3/envs/dev_agent_1/lib/python3.12/site-packages/openai/_base_client.py", line 1259, in post
    return cast(ResponseT, self.request(cast_to, opts, stream=stream, stream_cls=stream_cls))
                           ^^^^^^^^^^^^^^^^^^^^^^^^^^^^^^^^^^^^^^^^^^^^^^^^^^^^^^^^^^^^^^^^^
  File "/home/lihan/anaconda3/envs/dev_agent_1/lib/python3.12/site-packages/openai/_base_client.py", line 1047, in request
    raise self._make_status_error_from_response(err.response) from None
openai.AuthenticationError: Error code: 401 - {'error': {'message': "Team not allowed to access model. Team=AI_PRD_SELF-PxcXDTuVk5apBhoZYBGHIo_MuevvMEQ54vVqRkt26Sw, Model=DeepSeek-V3.2. Allowed team models = ['DeepSeek-R1', 'DeepSeek-V3.2-Exp', 'DeepSeek-V3.1-Terminus', 'DeepSeek-V3-250324', 'DeepSeek-R1-0528', 'DeepSeek-V3.1']", 'type': 'team_model_access_denied', 'param': 'model', 'code': '401'}}

During handling of the above exception, another exception occurred:

Traceback (most recent call last):
  File "/mnt/c/lihan_work/NWPU/science/251107_agent/test_1204/src/agents/base.py", line 73, in call_llm_with_struct
    raw_resp = call_llm(
               ^^^^^^^^^
  File "/mnt/c/lihan_work/NWPU/science/251107_agent/test_1204/src/core/llm.py", line 70, in call_llm
    raise RuntimeError(f"LLM API Call Failed: {str(e)}")
RuntimeError: LLM API Call Failed: Error code: 401 - {'error': {'message': "Team not allowed to access model. Team=AI_PRD_SELF-PxcXDTuVk5apBhoZYBGHIo_MuevvMEQ54vVqRkt26Sw, Model=DeepSeek-V3.2. Allowed team models = ['DeepSeek-R1', 'DeepSeek-V3.2-Exp', 'DeepSeek-V3.1-Terminus', 'DeepSeek-V3-250324', 'DeepSeek-R1-0528', 'DeepSeek-V3.1']", 'type': 'team_model_access_denied', 'param': 'model', 'code': '401'}}

During handling of the above exception, another exception occurred:

Traceback (most recent call last):
  File "/mnt/c/lihan_work/NWPU/science/251107_agent/test_1204/src/phases/phase_01_research.py", line 44, in run_phase_logic
    last_report = researcher.run(user_idea=current_input)
                  ^^^^^^^^^^^^^^^^^^^^^^^^^^^^^^^^^^^^^^^
  File "/mnt/c/lihan_work/NWPU/science/251107_agent/test_1204/src/agents/researcher.py", line 36, in run
    query_result = self.call_llm_with_struct(
                   ^^^^^^^^^^^^^^^^^^^^^^^^^^
  File "/mnt/c/lihan_work/NWPU/science/251107_agent/test_1204/src/agents/base.py", line 85, in call_llm_with_struct
    raise RuntimeError(f"Agent {self.role_name} failed struct parsing.")
RuntimeError: Agent researcher failed struct parsing.

2025-12-06 01:12:58 | INFO     | SYSTEM |    --- Internal Step 2/2 ---
2025-12-06 01:12:58 | INFO     | SYSTEM | Task Started. Knowledge Base size: 0 papers.
2025-12-06 01:12:58 | ERROR    | SYSTEM | [researcher] Struct parse failed finally: LLM API Call Failed: Error code: 401 - {'error': {'message': "Team not allowed to access model. Team=AI_PRD_SELF-PxcXDTuVk5apBhoZYBGHIo_MuevvMEQ54vVqRkt26Sw, Model=DeepSeek-V3.2. Allowed team models = ['DeepSeek-R1', 'DeepSeek-V3.2-Exp', 'DeepSeek-V3.1-Terminus', 'DeepSeek-V3-250324', 'DeepSeek-R1-0528', 'DeepSeek-V3.1']", 'type': 'team_model_access_denied', 'param': 'model', 'code': '401'}}
2025-12-06 01:12:58 | ERROR    | SYSTEM | Researcher internal loop error: Agent researcher failed struct parsing.
2025-12-06 01:12:58 | ERROR    | SYSTEM | Traceback (most recent call last):
  File "/mnt/c/lihan_work/NWPU/science/251107_agent/test_1204/src/core/llm.py", line 58, in call_llm
    response = client.chat.completions.create(**kwargs)
               ^^^^^^^^^^^^^^^^^^^^^^^^^^^^^^^^^^^^^^^^
  File "/home/lihan/anaconda3/envs/dev_agent_1/lib/python3.12/site-packages/openai/_utils/_utils.py", line 286, in wrapper
    return func(*args, **kwargs)
           ^^^^^^^^^^^^^^^^^^^^^
  File "/home/lihan/anaconda3/envs/dev_agent_1/lib/python3.12/site-packages/openai/resources/chat/completions/completions.py", line 1189, in create
    return self._post(
           ^^^^^^^^^^^
  File "/home/lihan/anaconda3/envs/dev_agent_1/lib/python3.12/site-packages/openai/_base_client.py", line 1259, in post
    return cast(ResponseT, self.request(cast_to, opts, stream=stream, stream_cls=stream_cls))
                           ^^^^^^^^^^^^^^^^^^^^^^^^^^^^^^^^^^^^^^^^^^^^^^^^^^^^^^^^^^^^^^^^^
  File "/home/lihan/anaconda3/envs/dev_agent_1/lib/python3.12/site-packages/openai/_base_client.py", line 1047, in request
    raise self._make_status_error_from_response(err.response) from None
openai.AuthenticationError: Error code: 401 - {'error': {'message': "Team not allowed to access model. Team=AI_PRD_SELF-PxcXDTuVk5apBhoZYBGHIo_MuevvMEQ54vVqRkt26Sw, Model=DeepSeek-V3.2. Allowed team models = ['DeepSeek-R1', 'DeepSeek-V3.2-Exp', 'DeepSeek-V3.1-Terminus', 'DeepSeek-V3-250324', 'DeepSeek-R1-0528', 'DeepSeek-V3.1']", 'type': 'team_model_access_denied', 'param': 'model', 'code': '401'}}

During handling of the above exception, another exception occurred:

Traceback (most recent call last):
  File "/mnt/c/lihan_work/NWPU/science/251107_agent/test_1204/src/agents/base.py", line 73, in call_llm_with_struct
    raw_resp = call_llm(
               ^^^^^^^^^
  File "/mnt/c/lihan_work/NWPU/science/251107_agent/test_1204/src/core/llm.py", line 70, in call_llm
    raise RuntimeError(f"LLM API Call Failed: {str(e)}")
RuntimeError: LLM API Call Failed: Error code: 401 - {'error': {'message': "Team not allowed to access model. Team=AI_PRD_SELF-PxcXDTuVk5apBhoZYBGHIo_MuevvMEQ54vVqRkt26Sw, Model=DeepSeek-V3.2. Allowed team models = ['DeepSeek-R1', 'DeepSeek-V3.2-Exp', 'DeepSeek-V3.1-Terminus', 'DeepSeek-V3-250324', 'DeepSeek-R1-0528', 'DeepSeek-V3.1']", 'type': 'team_model_access_denied', 'param': 'model', 'code': '401'}}

During handling of the above exception, another exception occurred:

Traceback (most recent call last):
  File "/mnt/c/lihan_work/NWPU/science/251107_agent/test_1204/src/phases/phase_01_research.py", line 44, in run_phase_logic
    last_report = researcher.run(user_idea=current_input)
                  ^^^^^^^^^^^^^^^^^^^^^^^^^^^^^^^^^^^^^^^
  File "/mnt/c/lihan_work/NWPU/science/251107_agent/test_1204/src/agents/researcher.py", line 36, in run
    query_result = self.call_llm_with_struct(
                   ^^^^^^^^^^^^^^^^^^^^^^^^^^
  File "/mnt/c/lihan_work/NWPU/science/251107_agent/test_1204/src/agents/base.py", line 85, in call_llm_with_struct
    raise RuntimeError(f"Agent {self.role_name} failed struct parsing.")
RuntimeError: Agent researcher failed struct parsing.

2025-12-06 01:12:58 | INFO     | SYSTEM | 
>>> ğŸ›¡ï¸ Research Review Cycle 3/3 <<<
2025-12-06 01:12:58 | INFO     | SYSTEM |    --- Internal Step 1/2 ---
2025-12-06 01:12:58 | INFO     | SYSTEM | Task Started. Knowledge Base size: 0 papers.
2025-12-06 01:12:59 | ERROR    | SYSTEM | [researcher] Struct parse failed finally: LLM API Call Failed: Error code: 401 - {'error': {'message': "Team not allowed to access model. Team=AI_PRD_SELF-PxcXDTuVk5apBhoZYBGHIo_MuevvMEQ54vVqRkt26Sw, Model=DeepSeek-V3.2. Allowed team models = ['DeepSeek-R1', 'DeepSeek-V3.2-Exp', 'DeepSeek-V3.1-Terminus', 'DeepSeek-V3-250324', 'DeepSeek-R1-0528', 'DeepSeek-V3.1']", 'type': 'team_model_access_denied', 'param': 'model', 'code': '401'}}
2025-12-06 01:12:59 | ERROR    | SYSTEM | Researcher internal loop error: Agent researcher failed struct parsing.
2025-12-06 01:12:59 | ERROR    | SYSTEM | Traceback (most recent call last):
  File "/mnt/c/lihan_work/NWPU/science/251107_agent/test_1204/src/core/llm.py", line 58, in call_llm
    response = client.chat.completions.create(**kwargs)
               ^^^^^^^^^^^^^^^^^^^^^^^^^^^^^^^^^^^^^^^^
  File "/home/lihan/anaconda3/envs/dev_agent_1/lib/python3.12/site-packages/openai/_utils/_utils.py", line 286, in wrapper
    return func(*args, **kwargs)
           ^^^^^^^^^^^^^^^^^^^^^
  File "/home/lihan/anaconda3/envs/dev_agent_1/lib/python3.12/site-packages/openai/resources/chat/completions/completions.py", line 1189, in create
    return self._post(
           ^^^^^^^^^^^
  File "/home/lihan/anaconda3/envs/dev_agent_1/lib/python3.12/site-packages/openai/_base_client.py", line 1259, in post
    return cast(ResponseT, self.request(cast_to, opts, stream=stream, stream_cls=stream_cls))
                           ^^^^^^^^^^^^^^^^^^^^^^^^^^^^^^^^^^^^^^^^^^^^^^^^^^^^^^^^^^^^^^^^^
  File "/home/lihan/anaconda3/envs/dev_agent_1/lib/python3.12/site-packages/openai/_base_client.py", line 1047, in request
    raise self._make_status_error_from_response(err.response) from None
openai.AuthenticationError: Error code: 401 - {'error': {'message': "Team not allowed to access model. Team=AI_PRD_SELF-PxcXDTuVk5apBhoZYBGHIo_MuevvMEQ54vVqRkt26Sw, Model=DeepSeek-V3.2. Allowed team models = ['DeepSeek-R1', 'DeepSeek-V3.2-Exp', 'DeepSeek-V3.1-Terminus', 'DeepSeek-V3-250324', 'DeepSeek-R1-0528', 'DeepSeek-V3.1']", 'type': 'team_model_access_denied', 'param': 'model', 'code': '401'}}

During handling of the above exception, another exception occurred:

Traceback (most recent call last):
  File "/mnt/c/lihan_work/NWPU/science/251107_agent/test_1204/src/agents/base.py", line 73, in call_llm_with_struct
    raw_resp = call_llm(
               ^^^^^^^^^
  File "/mnt/c/lihan_work/NWPU/science/251107_agent/test_1204/src/core/llm.py", line 70, in call_llm
    raise RuntimeError(f"LLM API Call Failed: {str(e)}")
RuntimeError: LLM API Call Failed: Error code: 401 - {'error': {'message': "Team not allowed to access model. Team=AI_PRD_SELF-PxcXDTuVk5apBhoZYBGHIo_MuevvMEQ54vVqRkt26Sw, Model=DeepSeek-V3.2. Allowed team models = ['DeepSeek-R1', 'DeepSeek-V3.2-Exp', 'DeepSeek-V3.1-Terminus', 'DeepSeek-V3-250324', 'DeepSeek-R1-0528', 'DeepSeek-V3.1']", 'type': 'team_model_access_denied', 'param': 'model', 'code': '401'}}

During handling of the above exception, another exception occurred:

Traceback (most recent call last):
  File "/mnt/c/lihan_work/NWPU/science/251107_agent/test_1204/src/phases/phase_01_research.py", line 44, in run_phase_logic
    last_report = researcher.run(user_idea=current_input)
                  ^^^^^^^^^^^^^^^^^^^^^^^^^^^^^^^^^^^^^^^
  File "/mnt/c/lihan_work/NWPU/science/251107_agent/test_1204/src/agents/researcher.py", line 36, in run
    query_result = self.call_llm_with_struct(
                   ^^^^^^^^^^^^^^^^^^^^^^^^^^
  File "/mnt/c/lihan_work/NWPU/science/251107_agent/test_1204/src/agents/base.py", line 85, in call_llm_with_struct
    raise RuntimeError(f"Agent {self.role_name} failed struct parsing.")
RuntimeError: Agent researcher failed struct parsing.

2025-12-06 01:12:59 | INFO     | SYSTEM |    --- Internal Step 2/2 ---
2025-12-06 01:12:59 | INFO     | SYSTEM | Task Started. Knowledge Base size: 0 papers.
2025-12-06 01:12:59 | ERROR    | SYSTEM | [researcher] Struct parse failed finally: LLM API Call Failed: Error code: 401 - {'error': {'message': "Team not allowed to access model. Team=AI_PRD_SELF-PxcXDTuVk5apBhoZYBGHIo_MuevvMEQ54vVqRkt26Sw, Model=DeepSeek-V3.2. Allowed team models = ['DeepSeek-R1', 'DeepSeek-V3.2-Exp', 'DeepSeek-V3.1-Terminus', 'DeepSeek-V3-250324', 'DeepSeek-R1-0528', 'DeepSeek-V3.1']", 'type': 'team_model_access_denied', 'param': 'model', 'code': '401'}}
2025-12-06 01:12:59 | ERROR    | SYSTEM | Researcher internal loop error: Agent researcher failed struct parsing.
2025-12-06 01:12:59 | ERROR    | SYSTEM | Traceback (most recent call last):
  File "/mnt/c/lihan_work/NWPU/science/251107_agent/test_1204/src/core/llm.py", line 58, in call_llm
    response = client.chat.completions.create(**kwargs)
               ^^^^^^^^^^^^^^^^^^^^^^^^^^^^^^^^^^^^^^^^
  File "/home/lihan/anaconda3/envs/dev_agent_1/lib/python3.12/site-packages/openai/_utils/_utils.py", line 286, in wrapper
    return func(*args, **kwargs)
           ^^^^^^^^^^^^^^^^^^^^^
  File "/home/lihan/anaconda3/envs/dev_agent_1/lib/python3.12/site-packages/openai/resources/chat/completions/completions.py", line 1189, in create
    return self._post(
           ^^^^^^^^^^^
  File "/home/lihan/anaconda3/envs/dev_agent_1/lib/python3.12/site-packages/openai/_base_client.py", line 1259, in post
    return cast(ResponseT, self.request(cast_to, opts, stream=stream, stream_cls=stream_cls))
                           ^^^^^^^^^^^^^^^^^^^^^^^^^^^^^^^^^^^^^^^^^^^^^^^^^^^^^^^^^^^^^^^^^
  File "/home/lihan/anaconda3/envs/dev_agent_1/lib/python3.12/site-packages/openai/_base_client.py", line 1047, in request
    raise self._make_status_error_from_response(err.response) from None
openai.AuthenticationError: Error code: 401 - {'error': {'message': "Team not allowed to access model. Team=AI_PRD_SELF-PxcXDTuVk5apBhoZYBGHIo_MuevvMEQ54vVqRkt26Sw, Model=DeepSeek-V3.2. Allowed team models = ['DeepSeek-R1', 'DeepSeek-V3.2-Exp', 'DeepSeek-V3.1-Terminus', 'DeepSeek-V3-250324', 'DeepSeek-R1-0528', 'DeepSeek-V3.1']", 'type': 'team_model_access_denied', 'param': 'model', 'code': '401'}}

During handling of the above exception, another exception occurred:

Traceback (most recent call last):
  File "/mnt/c/lihan_work/NWPU/science/251107_agent/test_1204/src/agents/base.py", line 73, in call_llm_with_struct
    raw_resp = call_llm(
               ^^^^^^^^^
  File "/mnt/c/lihan_work/NWPU/science/251107_agent/test_1204/src/core/llm.py", line 70, in call_llm
    raise RuntimeError(f"LLM API Call Failed: {str(e)}")
RuntimeError: LLM API Call Failed: Error code: 401 - {'error': {'message': "Team not allowed to access model. Team=AI_PRD_SELF-PxcXDTuVk5apBhoZYBGHIo_MuevvMEQ54vVqRkt26Sw, Model=DeepSeek-V3.2. Allowed team models = ['DeepSeek-R1', 'DeepSeek-V3.2-Exp', 'DeepSeek-V3.1-Terminus', 'DeepSeek-V3-250324', 'DeepSeek-R1-0528', 'DeepSeek-V3.1']", 'type': 'team_model_access_denied', 'param': 'model', 'code': '401'}}

During handling of the above exception, another exception occurred:

Traceback (most recent call last):
  File "/mnt/c/lihan_work/NWPU/science/251107_agent/test_1204/src/phases/phase_01_research.py", line 44, in run_phase_logic
    last_report = researcher.run(user_idea=current_input)
                  ^^^^^^^^^^^^^^^^^^^^^^^^^^^^^^^^^^^^^^^
  File "/mnt/c/lihan_work/NWPU/science/251107_agent/test_1204/src/agents/researcher.py", line 36, in run
    query_result = self.call_llm_with_struct(
                   ^^^^^^^^^^^^^^^^^^^^^^^^^^
  File "/mnt/c/lihan_work/NWPU/science/251107_agent/test_1204/src/agents/base.py", line 85, in call_llm_with_struct
    raise RuntimeError(f"Agent {self.role_name} failed struct parsing.")
RuntimeError: Agent researcher failed struct parsing.

2025-12-06 01:12:59 | INFO     | SYSTEM | ğŸ’¾ Project State saved to workspace/mamba_weather_v1/project_state.json
2025-12-06 01:12:59 | INFO     | SYSTEM | âœ… PHASE COMPLETE: RESEARCH
2025-12-06 01:14:21 | INFO     | SYSTEM | ğŸ“‚ Project State loaded from workspace/mamba_weather_v1/project_state.json
2025-12-06 01:14:21 | INFO     | SYSTEM | 
==================== PHASE START: RESEARCH ====================
2025-12-06 01:14:21 | INFO     | SYSTEM | ğŸ“‚ Project State loaded from workspace/mamba_weather_v1/project_state.json
2025-12-06 01:14:21 | INFO     | SYSTEM | ğŸ’¾ Project State saved to workspace/mamba_weather_v1/project_state.json
2025-12-06 01:14:21 | INFO     | SYSTEM | Initializing Researcher with existing knowledge base...
2025-12-06 01:14:21 | INFO     | SYSTEM | 
>>> ğŸ›¡ï¸ Research Review Cycle 1/3 <<<
2025-12-06 01:14:21 | INFO     | SYSTEM |    --- Internal Step 1/2 ---
2025-12-06 01:14:21 | INFO     | SYSTEM | Task Started. Knowledge Base size: 0 papers.
2025-12-06 01:14:23 | INFO     | SYSTEM | ğŸ” Queries: ['mamba state space time series', 'mamba transformer forecasting comparison', 'weather data time series forecasting']
2025-12-06 01:14:23 | INFO     | SYSTEM | API -> 'mamba state space time series'
2025-12-06 01:14:23 | INFO     | SYSTEM | Checking Semantic Scholar for: 'mamba state space time series'
2025-12-06 01:14:26 | INFO     | SYSTEM | ğŸŒ S2 API Request (Attempt 1/3): 'mamba state space time series'
2025-12-06 01:14:28 | INFO     | SYSTEM | API -> 'mamba transformer forecasting comparison'
2025-12-06 01:14:28 | INFO     | SYSTEM | Checking Semantic Scholar for: 'mamba transformer forecasting comparison'
2025-12-06 01:14:31 | INFO     | SYSTEM | ğŸŒ S2 API Request (Attempt 1/3): 'mamba transformer forecasting comparison'
2025-12-06 01:14:33 | INFO     | SYSTEM | API -> 'weather data time series forecasting'
2025-12-06 01:14:33 | INFO     | SYSTEM | Checking Semantic Scholar for: 'weather data time series forecasting'
2025-12-06 01:14:36 | INFO     | SYSTEM | ğŸŒ S2 API Request (Attempt 1/3): 'weather data time series forecasting'
2025-12-06 01:14:36 | INFO     | SYSTEM | ğŸ“š Indexed 8 new papers. Total: 8
2025-12-06 01:15:10 | INFO     | SYSTEM |    --- Internal Step 2/2 ---
2025-12-06 01:15:10 | INFO     | SYSTEM | Task Started. Knowledge Base size: 8 papers.
2025-12-06 01:15:13 | INFO     | SYSTEM | ğŸ” Queries: ['mamba multivariate time series forecasting', 'state space models weather data', 'multiscale temporal dynamics forecasting']
2025-12-06 01:15:13 | INFO     | SYSTEM | API -> 'mamba multivariate time series forecasting'
2025-12-06 01:15:13 | INFO     | SYSTEM | Checking Semantic Scholar for: 'mamba multivariate time series forecasting'
2025-12-06 01:15:17 | INFO     | SYSTEM | ğŸŒ S2 API Request (Attempt 1/3): 'mamba multivariate time series forecasting'
2025-12-06 01:15:18 | INFO     | SYSTEM | API -> 'state space models weather data'
2025-12-06 01:15:18 | INFO     | SYSTEM | Checking Semantic Scholar for: 'state space models weather data'
2025-12-06 01:15:21 | INFO     | SYSTEM | ğŸŒ S2 API Request (Attempt 1/3): 'state space models weather data'
2025-12-06 01:15:23 | INFO     | SYSTEM | API -> 'multiscale temporal dynamics forecasting'
2025-12-06 01:15:23 | INFO     | SYSTEM | Checking Semantic Scholar for: 'multiscale temporal dynamics forecasting'
2025-12-06 01:15:26 | INFO     | SYSTEM | ğŸŒ S2 API Request (Attempt 1/3): 'multiscale temporal dynamics forecasting'
2025-12-06 01:15:30 | INFO     | SYSTEM | ğŸ“š Indexed 5 new papers. Total: 13
2025-12-06 01:16:09 | INFO     | SYSTEM | ğŸ“„ Review file generated: workspace/mamba_weather_v1/reviews/01_Research_Round_1_review.md
2025-12-06 01:16:09 | INFO     | SYSTEM | [01_Research_Round_1] Autonomous Mode: Delegating to Reviewer Agent.
2025-12-06 01:16:09 | INFO     | SYSTEM | ğŸ§ Reviewer #2 evaluating: 01_Research_Round_1 (Iter: 0)...
2025-12-06 01:16:26 | INFO     | SYSTEM | Review Result: ReviewDecision.REJECT (Score: 6/10)
2025-12-06 01:16:26 | INFO     | SYSTEM | ğŸ”„ Revision Requested: 1. Formalize the proposed architecture mathematically. Define the core equations for the non-stationary state space model, the adaptive routing mechanism, and the multi-scale decomposition. Use LaTeX to present these definitions. 2. Provide a theoretical analysis. State at least one theorem, for instance, proving that your adaptive mechanism can approximate a wider class of time-varying systems than the standard LTI Mamba, or analyzing the computational complexity of your hybrid model. 3. Sharpen the gap analysis. Instead of listing limitations, perform a structural critique: Why is the expert-split in SST fundamentally suboptimal? Prove that a static split cannot be optimal for all temporal patterns. 4. Justify the novelty claim by clearly differentiating your 'learnable routing' from the static gating or MoE layers in existing literature. Define what makes your integration 'principled' beyond being adaptive.
2025-12-06 01:16:26 | INFO     | SYSTEM | 
>>> ğŸ›¡ï¸ Research Review Cycle 2/3 <<<
2025-12-06 01:16:26 | INFO     | SYSTEM |    --- Internal Step 1/2 ---
2025-12-06 01:16:26 | INFO     | SYSTEM | Task Started. Knowledge Base size: 13 papers.
2025-12-06 01:16:28 | INFO     | SYSTEM | ğŸ” Queries: ['mamba time series forecasting', 'multivariate time series non-stationary', 'multi-scale decomposition weather forecasting']
2025-12-06 01:16:28 | INFO     | SYSTEM | API -> 'mamba time series forecasting'
2025-12-06 01:16:28 | INFO     | SYSTEM | Checking Semantic Scholar for: 'mamba time series forecasting'
2025-12-06 01:16:31 | INFO     | SYSTEM | ğŸŒ S2 API Request (Attempt 1/3): 'mamba time series forecasting'
2025-12-06 01:16:33 | INFO     | SYSTEM | API -> 'multivariate time series non-stationary'
2025-12-06 01:16:33 | INFO     | SYSTEM | Checking Semantic Scholar for: 'multivariate time series non-stationary'
2025-12-06 01:16:36 | INFO     | SYSTEM | ğŸŒ S2 API Request (Attempt 1/3): 'multivariate time series non-stationary'
2025-12-06 01:16:37 | INFO     | SYSTEM | API -> 'multi-scale decomposition weather forecasting'
2025-12-06 01:16:37 | INFO     | SYSTEM | Checking Semantic Scholar for: 'multi-scale decomposition weather forecasting'
2025-12-06 01:16:40 | INFO     | SYSTEM | ğŸŒ S2 API Request (Attempt 1/3): 'multi-scale decomposition weather forecasting'
2025-12-06 01:16:40 | INFO     | SYSTEM | ğŸ“š Indexed 8 new papers. Total: 21
2025-12-06 01:17:23 | INFO     | SYSTEM |    --- Internal Step 2/2 ---
2025-12-06 01:17:23 | INFO     | SYSTEM | Task Started. Knowledge Base size: 21 papers.
2025-12-06 01:17:25 | INFO     | SYSTEM | ğŸ” Queries: ['non-stationary state space forecasting', 'learnable temporal routing Mamba', 'time-varying state transition parameters']
2025-12-06 01:17:25 | INFO     | SYSTEM | API -> 'non-stationary state space forecasting'
2025-12-06 01:17:25 | INFO     | SYSTEM | Checking Semantic Scholar for: 'non-stationary state space forecasting'
2025-12-06 01:17:28 | INFO     | SYSTEM | ğŸŒ S2 API Request (Attempt 1/3): 'non-stationary state space forecasting'
2025-12-06 01:17:29 | INFO     | SYSTEM | API -> 'learnable temporal routing Mamba'
2025-12-06 01:17:29 | INFO     | SYSTEM | Checking Semantic Scholar for: 'learnable temporal routing Mamba'
2025-12-06 01:17:32 | INFO     | SYSTEM | ğŸŒ S2 API Request (Attempt 1/3): 'learnable temporal routing Mamba'
2025-12-06 01:17:34 | INFO     | SYSTEM | API -> 'time-varying state transition parameters'
2025-12-06 01:17:34 | INFO     | SYSTEM | Checking Semantic Scholar for: 'time-varying state transition parameters'
2025-12-06 01:17:37 | INFO     | SYSTEM | ğŸŒ S2 API Request (Attempt 1/3): 'time-varying state transition parameters'
2025-12-06 01:17:38 | INFO     | SYSTEM | ğŸ“š Indexed 9 new papers. Total: 30
2025-12-06 01:18:20 | INFO     | SYSTEM | ğŸ“„ Review file generated: workspace/mamba_weather_v1/reviews/01_Research_Round_2_review.md
2025-12-06 01:18:20 | INFO     | SYSTEM | [01_Research_Round_2] Autonomous Mode: Delegating to Reviewer Agent.
2025-12-06 01:18:20 | INFO     | SYSTEM | ğŸ§ Reviewer #2 evaluating: 01_Research_Round_2 (Iter: 1)...
2025-12-06 01:18:30 | INFO     | SYSTEM | Review Result: ReviewDecision.REJECT (Score: 5/10)
2025-12-06 01:18:30 | INFO     | SYSTEM | ğŸ”„ Revision Requested: 1) Formally define the time-varying state space model with mathematical rigor: provide explicit equations for how state transition matrices A(t) are parameterized and prove theoretical advantages over LTI systems. 2) Develop at least one concrete theorem with proof regarding the expressive power or approximation capabilities of your proposed architecture compared to standard SSMs. 3) Specify the exact differentiable gating mechanism with mathematical formulation rather than generic descriptions. 4) Provide a computational complexity analysis comparing your approach to Mamba's selective scanning mechanism.
2025-12-06 01:18:30 | INFO     | SYSTEM | 
>>> ğŸ›¡ï¸ Research Review Cycle 3/3 <<<
2025-12-06 01:18:30 | INFO     | SYSTEM |    --- Internal Step 1/2 ---
2025-12-06 01:18:30 | INFO     | SYSTEM | Task Started. Knowledge Base size: 30 papers.
2025-12-06 01:18:32 | INFO     | SYSTEM | ğŸ” Queries: ['non-stationary state space forecasting', 'learnable temporal routing Mamba', 'time-varying state transition parameters']
2025-12-06 01:18:32 | INFO     | SYSTEM | API -> 'non-stationary state space forecasting'
2025-12-06 01:18:32 | INFO     | SYSTEM | Checking Semantic Scholar for: 'non-stationary state space forecasting'
2025-12-06 01:18:35 | INFO     | SYSTEM | ğŸŒ S2 API Request (Attempt 1/3): 'non-stationary state space forecasting'
2025-12-06 01:18:37 | INFO     | SYSTEM | API -> 'learnable temporal routing Mamba'
2025-12-06 01:18:37 | INFO     | SYSTEM | Checking Semantic Scholar for: 'learnable temporal routing Mamba'
2025-12-06 01:18:40 | INFO     | SYSTEM | ğŸŒ S2 API Request (Attempt 1/3): 'learnable temporal routing Mamba'
2025-12-06 01:18:41 | INFO     | SYSTEM | API -> 'time-varying state transition parameters'
2025-12-06 01:18:41 | INFO     | SYSTEM | Checking Semantic Scholar for: 'time-varying state transition parameters'
2025-12-06 01:18:44 | INFO     | SYSTEM | ğŸŒ S2 API Request (Attempt 1/3): 'time-varying state transition parameters'
2025-12-06 01:18:46 | INFO     | SYSTEM | ğŸ“š Indexed 0 new papers. Total: 30
2025-12-06 01:19:25 | INFO     | SYSTEM |    --- Internal Step 2/2 ---
2025-12-06 01:19:25 | INFO     | SYSTEM | Task Started. Knowledge Base size: 30 papers.
2025-12-06 01:19:27 | INFO     | SYSTEM | ğŸ” Queries: ['non-stationary state space models', 'time varying parameterization Mamba', 'wavelet decomposition state space']
2025-12-06 01:19:27 | INFO     | SYSTEM | API -> 'non-stationary state space models'
2025-12-06 01:19:27 | INFO     | SYSTEM | Checking Semantic Scholar for: 'non-stationary state space models'
2025-12-06 01:19:30 | INFO     | SYSTEM | ğŸŒ S2 API Request (Attempt 1/3): 'non-stationary state space models'
2025-12-06 01:19:31 | INFO     | SYSTEM | API -> 'time varying parameterization Mamba'
2025-12-06 01:19:31 | INFO     | SYSTEM | Checking Semantic Scholar for: 'time varying parameterization Mamba'
2025-12-06 01:19:34 | INFO     | SYSTEM | ğŸŒ S2 API Request (Attempt 1/3): 'time varying parameterization Mamba'
2025-12-06 01:19:36 | INFO     | SYSTEM | API -> 'wavelet decomposition state space'
2025-12-06 01:19:36 | INFO     | SYSTEM | Checking Semantic Scholar for: 'wavelet decomposition state space'
2025-12-06 01:19:39 | INFO     | SYSTEM | ğŸŒ S2 API Request (Attempt 1/3): 'wavelet decomposition state space'
2025-12-06 01:19:40 | INFO     | SYSTEM | ğŸ“š Indexed 5 new papers. Total: 35
2025-12-06 01:20:22 | INFO     | SYSTEM | ğŸ“„ Review file generated: workspace/mamba_weather_v1/reviews/01_Research_Round_3_review.md
2025-12-06 01:20:22 | INFO     | SYSTEM | [01_Research_Round_3] Autonomous Mode: Delegating to Reviewer Agent.
2025-12-06 01:20:22 | INFO     | SYSTEM | ğŸ§ Reviewer #2 evaluating: 01_Research_Round_3 (Iter: 2)...
2025-12-06 01:20:33 | INFO     | SYSTEM | Review Result: ReviewDecision.REJECT (Score: 5/10)
2025-12-06 01:20:33 | INFO     | SYSTEM | ğŸ”„ Revision Requested: 1) Provide formal mathematical proofs demonstrating that the time-varying formulation strictly expands the function class beyond LTI systems while maintaining O(L log L) complexity. 2) Develop concrete theorems comparing the expressive power of your architecture versus standard Mamba and Transformer models. 3) Replace the repetitive gap analysis with a structural analysis of why current methods fail to capture specific types of non-stationarity (e.g., structural breaks, volatility clustering). 4) Specify the exact computational overhead of your proposed basis function parameterization and provide complexity analysis. 5) Define precise mathematical conditions under which spectral expert routing provides provable advantages over static allocation.
2025-12-06 01:20:33 | WARNING  | SYSTEM | âš ï¸ Max loops reached. Saving latest draft as final.
2025-12-06 01:20:33 | INFO     | SYSTEM | ğŸ’¾ Project State saved to workspace/mamba_weather_v1/project_state.json
2025-12-06 01:20:33 | INFO     | SYSTEM | âœ… PHASE COMPLETE: RESEARCH
2025-12-06 01:20:33 | INFO     | SYSTEM | 
==================== PHASE START: THEORY ====================
2025-12-06 01:20:33 | INFO     | SYSTEM | ğŸ“‚ Project State loaded from workspace/mamba_weather_v1/project_state.json
2025-12-06 01:20:33 | INFO     | SYSTEM | ğŸ’¾ Project State saved to workspace/mamba_weather_v1/project_state.json
2025-12-06 01:20:33 | INFO     | SYSTEM | 
=== ğŸ“– Starting Paper Ingestion Workflow ===
2025-12-06 01:23:42 | INFO     | SYSTEM | Ingesting PDFs...
2025-12-06 01:23:42 | INFO     | SYSTEM | ğŸ“„ Reading paper_1.pdf (Pages 1-12)...
2025-12-06 01:23:42 | INFO     | SYSTEM |    -> Extraction finished. Length: 40697 chars.
2025-12-06 01:23:43 | INFO     | SYSTEM | ğŸ“„ Reading paper_2.pdf (Pages 1-12)...
2025-12-06 01:23:45 | INFO     | SYSTEM |    -> Extraction finished. Length: 60958 chars.
2025-12-06 01:23:45 | INFO     | SYSTEM | ğŸ“„ Reading paper_3.pdf (Pages 1-12)...
2025-12-06 01:23:45 | INFO     | SYSTEM |    -> Extraction finished. Length: 33850 chars.
2025-12-06 01:23:45 | INFO     | SYSTEM | 
>>> ğŸ›¡ï¸ Theory Review Cycle 1/3 <<<
2025-12-06 01:23:45 | INFO     | SYSTEM | Task Started: Theorizing based on Research & Full Text...
2025-12-06 01:24:14 | INFO     | SYSTEM | Theory Developed. Field: Time Series Forecasting with Non-Stationary State Space Models
2025-12-06 01:24:14 | INFO     | SYSTEM | Task Started: Theorizing based on Research & Full Text...
2025-12-06 01:24:14 | INFO     | SYSTEM | Theory Developed. Field: Time Series Forecasting with Non-Stationary State Space Models
2025-12-06 01:24:14 | INFO     | SYSTEM | ğŸ“„ Review file generated: workspace/mamba_weather_v1/reviews/02_Theory_Round_1_review.md
2025-12-06 01:24:14 | INFO     | SYSTEM | [02_Theory_Round_1] Autonomous Mode: Delegating to Reviewer Agent.
2025-12-06 01:24:14 | INFO     | SYSTEM | ğŸ§ Reviewer #2 evaluating: 02_Theory_Round_1 (Iter: 0)...
2025-12-06 01:24:26 | INFO     | SYSTEM | Review Result: ReviewDecision.REJECT (Score: 5/10)
2025-12-06 01:24:26 | INFO     | SYSTEM | ğŸ”„ Revision Requested: 1) Provide complete, rigorous proofs for Theorems 1 and 2, including formal definitions of all function classes and detailed complexity calculations that account for all proposed components. 2) Formally define the specific 'non-stationary' gap being addressed with mathematical precision (e.g., quantify distribution shift, specify non-stationarity classes) and prove analytically how SAMba addresses it. 3) Simplify the architecture justification by either providing theoretical guarantees for each component's necessity or removing redundant elements to strengthen the core theoretical contribution.
2025-12-06 01:24:26 | INFO     | SYSTEM | 
>>> ğŸ›¡ï¸ Theory Review Cycle 2/3 <<<
2025-12-06 01:24:26 | INFO     | SYSTEM | Task Started: Theorizing based on Research & Full Text...
2025-12-06 01:24:27 | INFO     | SYSTEM | Theory Developed. Field: Time Series Forecasting with Non-Stationary State Space Models
2025-12-06 01:24:27 | INFO     | SYSTEM | Task Started: Theorizing based on Research & Full Text...
2025-12-06 01:24:27 | INFO     | SYSTEM | Theory Developed. Field: Time Series Forecasting with Non-Stationary State Space Models
2025-12-06 01:24:27 | INFO     | SYSTEM | ğŸ“„ Review file generated: workspace/mamba_weather_v1/reviews/02_Theory_Round_2_review.md
2025-12-06 01:24:27 | INFO     | SYSTEM | [02_Theory_Round_2] Autonomous Mode: Delegating to Reviewer Agent.
2025-12-06 01:24:27 | INFO     | SYSTEM | ğŸ§ Reviewer #2 evaluating: 02_Theory_Round_2 (Iter: 1)...
2025-12-06 01:24:38 | INFO     | SYSTEM | Review Result: ReviewDecision.REJECT (Score: 6/10)
2025-12-06 01:24:38 | INFO     | SYSTEM | ğŸ”„ Revision Requested: Provide complete mathematical proofs for both theorems, including formal analysis of the expanded function class in Theorem 1 and rigorous complexity derivation for Theorem 2. Quantify the non-stationarity gap with theoretical bounds on existing methods' limitations. Simplify the architecture by removing either the wavelet decomposition or spectral gating and prove the remaining components suffice for non-stationary modeling. Derive convergence guarantees for the time-varying parameter learning. Provide explicit complexity analysis showing how O(L log L) is maintained despite the additional operations.
2025-12-06 01:24:38 | INFO     | SYSTEM | 
>>> ğŸ›¡ï¸ Theory Review Cycle 3/3 <<<
2025-12-06 01:24:38 | INFO     | SYSTEM | Task Started: Theorizing based on Research & Full Text...
2025-12-06 01:24:38 | INFO     | SYSTEM | Theory Developed. Field: Time Series Forecasting with Non-Stationary State Space Models
2025-12-06 01:24:38 | INFO     | SYSTEM | Task Started: Theorizing based on Research & Full Text...
2025-12-06 01:24:38 | INFO     | SYSTEM | Theory Developed. Field: Time Series Forecasting with Non-Stationary State Space Models
2025-12-06 01:24:38 | INFO     | SYSTEM | ğŸ“„ Review file generated: workspace/mamba_weather_v1/reviews/02_Theory_Round_3_review.md
2025-12-06 01:24:38 | INFO     | SYSTEM | [02_Theory_Round_3] Autonomous Mode: Delegating to Reviewer Agent.
2025-12-06 01:24:38 | INFO     | SYSTEM | ğŸ§ Reviewer #2 evaluating: 02_Theory_Round_3 (Iter: 2)...
2025-12-06 01:24:38 | INFO     | SYSTEM | Review Result: ReviewDecision.REJECT (Score: 6/10)
2025-12-06 01:24:38 | INFO     | SYSTEM | ğŸ”„ Revision Requested: Provide complete mathematical proofs for both theorems, including formal analysis of the expanded function class in Theorem 1 and rigorous complexity derivation for Theorem 2. Quantify the non-stationarity gap with theoretical bounds on existing methods' limitations. Simplify the architecture by removing either the wavelet decomposition or spectral gating and prove the remaining components suffice for non-stationary modeling. Derive convergence guarantees for the time-varying parameter learning. Provide explicit complexity analysis showing how O(L log L) is maintained despite the additional operations.
2025-12-06 01:24:38 | WARNING  | SYSTEM | âš ï¸ Max loops reached. Saving latest draft.
2025-12-06 01:24:38 | INFO     | SYSTEM | ğŸ’¾ Project State saved to workspace/mamba_weather_v1/project_state.json
2025-12-06 01:24:38 | INFO     | SYSTEM | âœ… PHASE COMPLETE: THEORY
2025-12-06 01:24:38 | INFO     | SYSTEM | 
==================== PHASE START: ARCHITECT ====================
2025-12-06 01:24:38 | INFO     | SYSTEM | ğŸ“‚ Project State loaded from workspace/mamba_weather_v1/project_state.json
2025-12-06 01:24:38 | INFO     | SYSTEM | ğŸ’¾ Project State saved to workspace/mamba_weather_v1/project_state.json
2025-12-06 01:24:38 | INFO     | SYSTEM | 
>>> ğŸ›¡ï¸ Architect Review Cycle 1/2 <<<
2025-12-06 01:24:38 | INFO     | SYSTEM | Task Started: Architecting solution for Time Series Forecasting with Non-Stationary State Space Models...
2025-12-06 01:27:49 | WARNING  | SYSTEM | [architect] Standard JSON parse failed. Attempting json_repair...
2025-12-06 01:27:49 | INFO     | SYSTEM | Blueprint generated. Planned 10 files.
2025-12-06 01:27:49 | INFO     | SYSTEM | ğŸ“„ Review file generated: workspace/mamba_weather_v1/reviews/03_Architect_Round_1_review.md
2025-12-06 01:27:49 | INFO     | SYSTEM | [03_Architect_Round_1] Autonomous Mode: Delegating to Reviewer Agent.
2025-12-06 01:27:49 | INFO     | SYSTEM | ğŸ§ Reviewer #2 evaluating: 03_Architect_Round_1 (Iter: 0)...
2025-12-06 01:28:01 | INFO     | SYSTEM | Review Result: ReviewDecision.REJECT (Score: 5/10)
2025-12-06 01:28:01 | INFO     | SYSTEM | ğŸ”„ Revision: 1. Fix wavelet decomposition to be fully differentiable and GPU-compatible using PyTorch operations only. 2. Implement proper constraints on temporal basis matrices to ensure invertibility during discretization. 3. Replace the quadratic spectral gating with a linear-time alternative that maintains expert routing. 4. Add explicit mathematical validation that connects each module to the theoretical claims about non-stationary modeling. 5. Include unit tests for each component to verify numerical stability and gradient flow.
2025-12-06 01:28:01 | INFO     | SYSTEM | 
>>> ğŸ›¡ï¸ Architect Review Cycle 2/2 <<<
2025-12-06 01:28:01 | INFO     | SYSTEM | Task Started: Architecting solution for Time Series Forecasting with Non-Stationary State Space Models...
2025-12-06 01:30:44 | INFO     | SYSTEM | Blueprint generated. Planned 5 files.
2025-12-06 01:30:44 | INFO     | SYSTEM | ğŸ“„ Review file generated: workspace/mamba_weather_v1/reviews/03_Architect_Round_2_review.md
2025-12-06 01:30:44 | INFO     | SYSTEM | [03_Architect_Round_2] Autonomous Mode: Delegating to Reviewer Agent.
2025-12-06 01:30:44 | INFO     | SYSTEM | ğŸ§ Reviewer #2 evaluating: 03_Architect_Round_2 (Iter: 1)...
2025-12-06 01:30:55 | INFO     | SYSTEM | Review Result: ReviewDecision.REJECT (Score: 5/10)
2025-12-06 01:30:55 | INFO     | SYSTEM | ğŸ”„ Revision: 1. Implement complete configuration system with all hyperparameters defined in default_config.py. 2. Replace the naive conv1d wavelet approximation with actual differentiable wavelet transforms using pywavelets. 3. Provide complexity analysis and benchmarks proving linear-time claims for all components. 4. Add rigorous mathematical tests validating orthogonal constraints, stability properties, and spectral decomposition correctness. 5. Demonstrate concrete mapping between code implementation and theoretical SSM formulations with proper discretization schemes.
2025-12-06 01:30:55 | WARNING  | SYSTEM | âš ï¸ Max loops reached. Saving latest design.
2025-12-06 01:30:55 | INFO     | SYSTEM | ğŸ’¾ Project State saved to workspace/mamba_weather_v1/project_state.json
2025-12-06 01:30:55 | INFO     | SYSTEM | âœ… PHASE COMPLETE: ARCHITECT
2025-12-06 01:37:46 | INFO     | SYSTEM | âœ¨ Initializing new Project State.
2025-12-06 01:37:46 | INFO     | SYSTEM | ğŸ’¾ Project State saved to workspace/mamba_weather_v2/project_state.json
2025-12-06 01:37:46 | INFO     | SYSTEM | 
==================== PHASE START: RESEARCH ====================
2025-12-06 01:37:46 | INFO     | SYSTEM | ğŸ“‚ Project State loaded from workspace/mamba_weather_v2/project_state.json
2025-12-06 01:37:46 | INFO     | SYSTEM | ğŸ’¾ Project State saved to workspace/mamba_weather_v2/project_state.json
2025-12-06 01:37:46 | INFO     | SYSTEM | Initializing Researcher with existing knowledge base...
2025-12-06 01:37:46 | INFO     | SYSTEM | 
>>> ğŸ›¡ï¸ Research Review Cycle 1/3 <<<
2025-12-06 01:37:46 | INFO     | SYSTEM |    --- Internal Step 1/2 ---
2025-12-06 01:37:46 | INFO     | SYSTEM | Task Started. Knowledge Base size: 0 papers.
2025-12-06 01:37:50 | INFO     | SYSTEM | ğŸ” Queries: ['mamba state space model time series', 'mamba transformer weather forecasting', 'time series forecasting weather data']
2025-12-06 01:37:50 | INFO     | SYSTEM | API -> 'mamba state space model time series'
2025-12-06 01:37:50 | INFO     | SYSTEM | Checking Semantic Scholar for: 'mamba state space model time series'
2025-12-06 01:37:53 | INFO     | SYSTEM | ğŸŒ S2 API Request (Attempt 1/3): 'mamba state space model time series'
2025-12-06 01:37:55 | INFO     | SYSTEM | API -> 'mamba transformer weather forecasting'
2025-12-06 01:37:55 | INFO     | SYSTEM | Checking Semantic Scholar for: 'mamba transformer weather forecasting'
2025-12-06 01:37:58 | INFO     | SYSTEM | ğŸŒ S2 API Request (Attempt 1/3): 'mamba transformer weather forecasting'
2025-12-06 01:37:59 | INFO     | SYSTEM | API -> 'time series forecasting weather data'
2025-12-06 01:37:59 | INFO     | SYSTEM | Checking Semantic Scholar for: 'time series forecasting weather data'
2025-12-06 01:38:02 | INFO     | SYSTEM | ğŸŒ S2 API Request (Attempt 1/3): 'time series forecasting weather data'
2025-12-06 01:38:04 | INFO     | SYSTEM | ğŸ“š Indexed 9 new papers. Total: 9
2025-12-06 01:38:45 | INFO     | SYSTEM |    --- Internal Step 2/2 ---
2025-12-06 01:38:45 | INFO     | SYSTEM | Task Started. Knowledge Base size: 9 papers.
2025-12-06 01:38:47 | INFO     | SYSTEM | ğŸ” Queries: ['mamba state space weather forecasting', 'long range dependencies time series', 'transformer mamba benchmark efficiency']
2025-12-06 01:38:47 | INFO     | SYSTEM | API -> 'mamba state space weather forecasting'
2025-12-06 01:38:47 | INFO     | SYSTEM | Checking Semantic Scholar for: 'mamba state space weather forecasting'
2025-12-06 01:38:50 | INFO     | SYSTEM | ğŸŒ S2 API Request (Attempt 1/3): 'mamba state space weather forecasting'
2025-12-06 01:38:51 | INFO     | SYSTEM | API -> 'long range dependencies time series'
2025-12-06 01:38:51 | INFO     | SYSTEM | Checking Semantic Scholar for: 'long range dependencies time series'
2025-12-06 01:38:54 | INFO     | SYSTEM | ğŸŒ S2 API Request (Attempt 1/3): 'long range dependencies time series'
2025-12-06 01:38:56 | INFO     | SYSTEM | API -> 'transformer mamba benchmark efficiency'
2025-12-06 01:38:56 | INFO     | SYSTEM | Checking Semantic Scholar for: 'transformer mamba benchmark efficiency'
2025-12-06 01:38:59 | INFO     | SYSTEM | ğŸŒ S2 API Request (Attempt 1/3): 'transformer mamba benchmark efficiency'
2025-12-06 01:39:00 | INFO     | SYSTEM | ğŸ“š Indexed 5 new papers. Total: 14
2025-12-06 01:39:41 | INFO     | SYSTEM | ğŸ“„ Review file generated: workspace/mamba_weather_v2/reviews/01_Research_Round_1_review.md
2025-12-06 01:39:41 | INFO     | SYSTEM | [01_Research_Round_1] Autonomous Mode: Delegating to Reviewer Agent.
2025-12-06 01:39:41 | INFO     | SYSTEM | ğŸ§ Reviewer #2 evaluating: 01_Research_Round_1 (Iter: 0)...
2025-12-06 01:39:52 | INFO     | SYSTEM | Review Result: ReviewDecision.REJECT (Score: 5/10)
2025-12-06 01:39:52 | INFO     | SYSTEM | ğŸ”„ Revision Requested: 1) Strengthen gap analysis by identifying structural flaws in Mamba's selection mechanism for atmospheric regime changes, not just computational efficiency. 2) Clearly differentiate from MAT [5] by proposing specific theoretical innovations beyond hybrid architecture. 3) Include concrete mathematical formulations (LaTeX equations) for how Mamba's time-varying parameters should be adapted for weather data. 4) Define precise metrics for evaluating 'non-stationary pattern capture' beyond standard RMSE. 5) Specify what novel theoretical guarantees (convergence, approximation bounds) will be proven about Mamba for weather forecasting.
2025-12-06 01:39:52 | INFO     | SYSTEM | 
>>> ğŸ›¡ï¸ Research Review Cycle 2/3 <<<
2025-12-06 01:39:52 | INFO     | SYSTEM |    --- Internal Step 1/2 ---
2025-12-06 01:39:52 | INFO     | SYSTEM | Task Started. Knowledge Base size: 14 papers.
2025-12-06 01:39:54 | INFO     | SYSTEM | ğŸ” Queries: ['mamba state space weather forecasting', 'multivariate time series transformers', 'long range dependencies time series']
2025-12-06 01:39:54 | INFO     | SYSTEM | API -> 'mamba state space weather forecasting'
2025-12-06 01:39:54 | INFO     | SYSTEM | Checking Semantic Scholar for: 'mamba state space weather forecasting'
2025-12-06 01:39:57 | INFO     | SYSTEM | ğŸŒ S2 API Request (Attempt 1/3): 'mamba state space weather forecasting'
2025-12-06 01:39:58 | INFO     | SYSTEM | API -> 'multivariate time series transformers'
2025-12-06 01:39:58 | INFO     | SYSTEM | Checking Semantic Scholar for: 'multivariate time series transformers'
2025-12-06 01:40:01 | INFO     | SYSTEM | ğŸŒ S2 API Request (Attempt 1/3): 'multivariate time series transformers'
2025-12-06 01:40:03 | INFO     | SYSTEM | API -> 'long range dependencies time series'
2025-12-06 01:40:03 | INFO     | SYSTEM | Checking Semantic Scholar for: 'long range dependencies time series'
2025-12-06 01:40:06 | INFO     | SYSTEM | ğŸŒ S2 API Request (Attempt 1/3): 'long range dependencies time series'
2025-12-06 01:40:08 | INFO     | SYSTEM | ğŸ“š Indexed 3 new papers. Total: 17
2025-12-06 01:40:46 | INFO     | SYSTEM |    --- Internal Step 2/2 ---
2025-12-06 01:40:46 | INFO     | SYSTEM | Task Started. Knowledge Base size: 17 papers.
2025-12-06 01:40:48 | INFO     | SYSTEM | ğŸ” Queries: ['mamba state space model weather', 'multivariate weather forecasting transformers', 'non-stationary atmospheric dynamics modeling']
2025-12-06 01:40:48 | INFO     | SYSTEM | API -> 'mamba state space model weather'
2025-12-06 01:40:48 | INFO     | SYSTEM | Checking Semantic Scholar for: 'mamba state space model weather'
2025-12-06 01:40:51 | INFO     | SYSTEM | ğŸŒ S2 API Request (Attempt 1/3): 'mamba state space model weather'
2025-12-06 01:40:53 | INFO     | SYSTEM | API -> 'multivariate weather forecasting transformers'
2025-12-06 01:40:53 | INFO     | SYSTEM | Checking Semantic Scholar for: 'multivariate weather forecasting transformers'
2025-12-06 01:40:56 | INFO     | SYSTEM | ğŸŒ S2 API Request (Attempt 1/3): 'multivariate weather forecasting transformers'
2025-12-06 01:40:57 | INFO     | SYSTEM | API -> 'non-stationary atmospheric dynamics modeling'
2025-12-06 01:40:57 | INFO     | SYSTEM | Checking Semantic Scholar for: 'non-stationary atmospheric dynamics modeling'
2025-12-06 01:41:00 | INFO     | SYSTEM | ğŸŒ S2 API Request (Attempt 1/3): 'non-stationary atmospheric dynamics modeling'
2025-12-06 01:41:01 | INFO     | SYSTEM | ğŸ“š Indexed 6 new papers. Total: 23
2025-12-06 01:41:44 | INFO     | SYSTEM | ğŸ“„ Review file generated: workspace/mamba_weather_v2/reviews/01_Research_Round_2_review.md
2025-12-06 01:41:44 | INFO     | SYSTEM | [01_Research_Round_2] Autonomous Mode: Delegating to Reviewer Agent.
2025-12-06 01:41:44 | INFO     | SYSTEM | ğŸ§ Reviewer #2 evaluating: 01_Research_Round_2 (Iter: 1)...
2025-12-06 01:41:56 | INFO     | SYSTEM | Review Result: ReviewDecision.REJECT (Score: 5/10)
2025-12-06 01:41:56 | INFO     | SYSTEM | ğŸ”„ Revision Requested: 1) Provide explicit mathematical formulations for the physics-informed constraints: specify which conservation laws (mass, energy, momentum) will be encoded and how they translate to constraints on system matrices. 2) Develop a concrete proof sketch for the approximation bounds, including key assumptions and proposed proof techniques. 3) Detail the specific SDE formulations for transition kernels with concrete examples of how atmospheric regime indicators map to parameter variations. 4) Strengthen the gap analysis by mathematically characterizing why current selection mechanisms fail to capture atmospheric dynamics beyond just stating they 'may not fully capture' changes. 5) Clarify the novelty beyond simply applying Mamba to weather data by demonstrating why physics integration requires architectural innovations rather than just parameter tuning.
2025-12-06 01:41:56 | INFO     | SYSTEM | 
>>> ğŸ›¡ï¸ Research Review Cycle 3/3 <<<
2025-12-06 01:41:56 | INFO     | SYSTEM |    --- Internal Step 1/2 ---
2025-12-06 01:41:56 | INFO     | SYSTEM | Task Started. Knowledge Base size: 23 papers.
2025-12-06 01:41:58 | INFO     | SYSTEM | ğŸ” Queries: ['Mamba weather forecasting multivariate', 'state space models atmospheric physics', 'transformer Mamba benchmark meteorology']
2025-12-06 01:41:58 | INFO     | SYSTEM | API -> 'Mamba weather forecasting multivariate'
2025-12-06 01:41:58 | INFO     | SYSTEM | Checking Semantic Scholar for: 'Mamba weather forecasting multivariate'
2025-12-06 01:42:01 | INFO     | SYSTEM | ğŸŒ S2 API Request (Attempt 1/3): 'Mamba weather forecasting multivariate'
2025-12-06 01:42:02 | INFO     | SYSTEM | API -> 'state space models atmospheric physics'
2025-12-06 01:42:02 | INFO     | SYSTEM | Checking Semantic Scholar for: 'state space models atmospheric physics'
2025-12-06 01:42:05 | INFO     | SYSTEM | ğŸŒ S2 API Request (Attempt 1/3): 'state space models atmospheric physics'
2025-12-06 01:42:07 | INFO     | SYSTEM | API -> 'transformer Mamba benchmark meteorology'
2025-12-06 01:42:07 | INFO     | SYSTEM | Checking Semantic Scholar for: 'transformer Mamba benchmark meteorology'
2025-12-06 01:42:10 | INFO     | SYSTEM | ğŸŒ S2 API Request (Attempt 1/3): 'transformer Mamba benchmark meteorology'
2025-12-06 01:42:11 | INFO     | SYSTEM | ğŸ“š Indexed 7 new papers. Total: 30
2025-12-06 01:43:01 | INFO     | SYSTEM |    --- Internal Step 2/2 ---
2025-12-06 01:43:01 | INFO     | SYSTEM | Task Started. Knowledge Base size: 30 papers.
2025-12-06 01:43:02 | INFO     | SYSTEM | ğŸ” Queries: ['physics informed state space model', 'mamba weather forecasting limitations', 'multivariate weather forecasting ssm']
2025-12-06 01:43:02 | INFO     | SYSTEM | API -> 'physics informed state space model'
2025-12-06 01:43:02 | INFO     | SYSTEM | Checking Semantic Scholar for: 'physics informed state space model'
2025-12-06 01:43:04 | INFO     | SYSTEM | ğŸŒ S2 API Request (Attempt 1/3): 'physics informed state space model'
2025-12-06 01:43:05 | INFO     | SYSTEM | API -> 'mamba weather forecasting limitations'
2025-12-06 01:43:05 | INFO     | SYSTEM | Checking Semantic Scholar for: 'mamba weather forecasting limitations'
2025-12-06 01:43:08 | INFO     | SYSTEM | ğŸŒ S2 API Request (Attempt 1/3): 'mamba weather forecasting limitations'
2025-12-06 01:43:10 | INFO     | SYSTEM | API -> 'multivariate weather forecasting ssm'
2025-12-06 01:43:10 | INFO     | SYSTEM | Checking Semantic Scholar for: 'multivariate weather forecasting ssm'
2025-12-06 01:43:13 | INFO     | SYSTEM | ğŸŒ S2 API Request (Attempt 1/3): 'multivariate weather forecasting ssm'
2025-12-06 01:43:14 | INFO     | SYSTEM | ğŸ“š Indexed 4 new papers. Total: 34
2025-12-06 01:43:58 | INFO     | SYSTEM | ğŸ“„ Review file generated: workspace/mamba_weather_v2/reviews/01_Research_Round_3_review.md
2025-12-06 01:43:58 | INFO     | SYSTEM | [01_Research_Round_3] Autonomous Mode: Delegating to Reviewer Agent.
2025-12-06 01:43:58 | INFO     | SYSTEM | ğŸ§ Reviewer #2 evaluating: 01_Research_Round_3 (Iter: 2)...
2025-12-06 01:44:10 | INFO     | SYSTEM | Review Result: ReviewDecision.REJECT (Score: 6/10)
2025-12-06 01:44:10 | INFO     | SYSTEM | ğŸ”„ Revision Requested: 1) Provide rigorous mathematical proofs: Derive the O(TÎµ) error bound for standard Mamba under non-stationary dynamics and prove bounded O(Îµ) error for your proposed method with explicit assumptions. 2) Formalize the physics-constrained optimization: Write the complete Lagrangian formulation with specific conservation constraints (mass, energy) applied to the SSM matrices. 3) Specify computational implementation: Detail how time-varying A(t), B(t) matrices would be efficiently parameterized and computed. 4) Justify evaluation metrics: Provide theoretical reasoning why Lyapunov exponents specifically measure regime transition detection capability in your architecture.
2025-12-06 01:44:10 | WARNING  | SYSTEM | âš ï¸ Max loops reached. Saving latest draft as final.
2025-12-06 01:44:10 | INFO     | SYSTEM | ğŸ’¾ Project State saved to workspace/mamba_weather_v2/project_state.json
2025-12-06 01:44:10 | INFO     | SYSTEM | âœ… PHASE COMPLETE: RESEARCH
2025-12-06 01:44:10 | INFO     | SYSTEM | 
==================== PHASE START: THEORY ====================
2025-12-06 01:44:10 | INFO     | SYSTEM | ğŸ“‚ Project State loaded from workspace/mamba_weather_v2/project_state.json
2025-12-06 01:44:10 | INFO     | SYSTEM | ğŸ’¾ Project State saved to workspace/mamba_weather_v2/project_state.json
2025-12-06 01:44:10 | INFO     | SYSTEM | 
=== ğŸ“– Starting Paper Ingestion Workflow ===
2025-12-06 01:45:43 | INFO     | SYSTEM | Ingesting PDFs...
2025-12-06 01:45:43 | INFO     | SYSTEM | ğŸ“„ Reading paper_1.pdf (Pages 1-12)...
2025-12-06 01:45:44 | INFO     | SYSTEM |    -> Extraction finished. Length: 35003 chars.
2025-12-06 01:45:44 | INFO     | SYSTEM | ğŸ“„ Reading paper_2.pdf (Pages 1-12)...
2025-12-06 01:45:45 | INFO     | SYSTEM |    -> Extraction finished. Length: 40697 chars.
2025-12-06 01:45:45 | INFO     | SYSTEM | ğŸ“„ Reading paper_3.pdf (Pages 1-12)...
2025-12-06 01:45:46 | INFO     | SYSTEM |    -> Extraction finished. Length: 30947 chars.
2025-12-06 01:45:46 | INFO     | SYSTEM | 
>>> ğŸ›¡ï¸ Theory Review Cycle 1/3 <<<
2025-12-06 01:45:46 | ERROR    | SYSTEM | Theorist internal loop error: 'TheoristAgent' object has no attribute 'run'
2025-12-06 01:45:46 | ERROR    | SYSTEM | Traceback (most recent call last):
  File "/mnt/c/lihan_work/NWPU/science/251107_agent/test_1204/src/phases/phase_02_theory.py", line 48, in run_phase_logic
    new_framework = theorist.run(
                    ^^^^^^^^^^^^
AttributeError: 'TheoristAgent' object has no attribute 'run'

2025-12-06 01:45:46 | ERROR    | SYSTEM | Theorist internal loop error: 'TheoristAgent' object has no attribute 'run'
2025-12-06 01:45:46 | ERROR    | SYSTEM | Traceback (most recent call last):
  File "/mnt/c/lihan_work/NWPU/science/251107_agent/test_1204/src/phases/phase_02_theory.py", line 48, in run_phase_logic
    new_framework = theorist.run(
                    ^^^^^^^^^^^^
AttributeError: 'TheoristAgent' object has no attribute 'run'

2025-12-06 01:45:46 | INFO     | SYSTEM | 
>>> ğŸ›¡ï¸ Theory Review Cycle 2/3 <<<
2025-12-06 01:45:46 | ERROR    | SYSTEM | Theorist internal loop error: 'TheoristAgent' object has no attribute 'run'
2025-12-06 01:45:46 | ERROR    | SYSTEM | Traceback (most recent call last):
  File "/mnt/c/lihan_work/NWPU/science/251107_agent/test_1204/src/phases/phase_02_theory.py", line 48, in run_phase_logic
    new_framework = theorist.run(
                    ^^^^^^^^^^^^
AttributeError: 'TheoristAgent' object has no attribute 'run'

2025-12-06 01:45:46 | ERROR    | SYSTEM | Theorist internal loop error: 'TheoristAgent' object has no attribute 'run'
2025-12-06 01:45:46 | ERROR    | SYSTEM | Traceback (most recent call last):
  File "/mnt/c/lihan_work/NWPU/science/251107_agent/test_1204/src/phases/phase_02_theory.py", line 48, in run_phase_logic
    new_framework = theorist.run(
                    ^^^^^^^^^^^^
AttributeError: 'TheoristAgent' object has no attribute 'run'

2025-12-06 01:45:46 | INFO     | SYSTEM | 
>>> ğŸ›¡ï¸ Theory Review Cycle 3/3 <<<
2025-12-06 01:45:46 | ERROR    | SYSTEM | Theorist internal loop error: 'TheoristAgent' object has no attribute 'run'
2025-12-06 01:45:46 | ERROR    | SYSTEM | Traceback (most recent call last):
  File "/mnt/c/lihan_work/NWPU/science/251107_agent/test_1204/src/phases/phase_02_theory.py", line 48, in run_phase_logic
    new_framework = theorist.run(
                    ^^^^^^^^^^^^
AttributeError: 'TheoristAgent' object has no attribute 'run'

2025-12-06 01:45:46 | ERROR    | SYSTEM | Theorist internal loop error: 'TheoristAgent' object has no attribute 'run'
2025-12-06 01:45:46 | ERROR    | SYSTEM | Traceback (most recent call last):
  File "/mnt/c/lihan_work/NWPU/science/251107_agent/test_1204/src/phases/phase_02_theory.py", line 48, in run_phase_logic
    new_framework = theorist.run(
                    ^^^^^^^^^^^^
AttributeError: 'TheoristAgent' object has no attribute 'run'

2025-12-06 01:45:46 | INFO     | SYSTEM | ğŸ’¾ Project State saved to workspace/mamba_weather_v2/project_state.json
2025-12-06 01:45:46 | INFO     | SYSTEM | âœ… PHASE COMPLETE: THEORY
2025-12-06 01:46:37 | INFO     | SYSTEM | ğŸ“‚ Project State loaded from workspace/mamba_weather_v2/project_state.json
2025-12-06 01:46:37 | INFO     | SYSTEM | 
==================== PHASE START: RESEARCH ====================
2025-12-06 01:46:37 | INFO     | SYSTEM | ğŸ“‚ Project State loaded from workspace/mamba_weather_v2/project_state.json
2025-12-06 01:46:37 | INFO     | SYSTEM | ğŸ’¾ Project State saved to workspace/mamba_weather_v2/project_state.json
2025-12-06 01:46:37 | INFO     | SYSTEM | â© Phase research already completed. Skipping...
2025-12-06 01:46:37 | INFO     | SYSTEM | 
==================== PHASE START: THEORY ====================
2025-12-06 01:46:37 | INFO     | SYSTEM | ğŸ“‚ Project State loaded from workspace/mamba_weather_v2/project_state.json
2025-12-06 01:46:37 | INFO     | SYSTEM | ğŸ’¾ Project State saved to workspace/mamba_weather_v2/project_state.json
2025-12-06 01:46:37 | INFO     | SYSTEM | 
=== ğŸ“– Starting Paper Ingestion Workflow ===
2025-12-06 01:46:51 | INFO     | SYSTEM | Ingesting PDFs...
2025-12-06 01:46:51 | INFO     | SYSTEM | ğŸ“„ Reading paper_1.pdf (Pages 1-12)...
2025-12-06 01:46:52 | INFO     | SYSTEM |    -> Extraction finished. Length: 35003 chars.
2025-12-06 01:46:52 | INFO     | SYSTEM | ğŸ“„ Reading paper_2.pdf (Pages 1-12)...
2025-12-06 01:46:53 | INFO     | SYSTEM |    -> Extraction finished. Length: 40697 chars.
2025-12-06 01:46:53 | INFO     | SYSTEM | ğŸ“„ Reading paper_3.pdf (Pages 1-12)...
2025-12-06 01:46:53 | INFO     | SYSTEM |    -> Extraction finished. Length: 30947 chars.
2025-12-06 01:46:53 | INFO     | SYSTEM | 
>>> ğŸ›¡ï¸ Theory Review Cycle 1/3 <<<
2025-12-06 01:46:53 | INFO     | SYSTEM | Task Started: Theorizing...
2025-12-06 01:47:28 | INFO     | SYSTEM | Theory Developed. Field: Multivariate Weather Forecasting with Physics-Informed Deep Learning
2025-12-06 01:47:28 | INFO     | SYSTEM | Task Started: Theorizing...
2025-12-06 01:47:28 | INFO     | SYSTEM | Theory Developed. Field: Multivariate Weather Forecasting with Physics-Informed Deep Learning
2025-12-06 01:47:28 | INFO     | SYSTEM | ğŸ“„ Review file generated: workspace/mamba_weather_v2/reviews/02_Theory_Round_1_review.md
2025-12-06 01:47:28 | INFO     | SYSTEM | [02_Theory_Round_1] Autonomous Mode: Delegating to Reviewer Agent.
2025-12-06 01:47:28 | INFO     | SYSTEM | ğŸ§ Reviewer #2 evaluating: 02_Theory_Round_1 (Iter: 0)...
2025-12-06 01:47:43 | INFO     | SYSTEM | Review Result: ReviewDecision.REJECT (Score: 6/10)
2025-12-06 01:47:43 | INFO     | SYSTEM | ğŸ”„ Revision Requested: 1. Formally define all mathematical objects: the state space h_t, the physical constraint operator P, the regime indicator process r_t, and the parameterization functions f_Î¸ and g_Î¸, including their domains and assumed properties (e.g., smoothness, boundedness). 2. Provide complete, step-by-step proofs for Theorems 1 and 2. For Theorem 1, explicitly state all assumptions and derive the error bound, clearly showing how the physics constraint term leads to error stabilization compared to the standard LTI case. 3. Conduct a proper complexity analysis that accounts for the computation of F_phys, the Lagrangian optimization, and the regime detection, proving the maintained O(L) complexity or characterizing the overhead.
2025-12-06 01:47:43 | INFO     | SYSTEM | 
>>> ğŸ›¡ï¸ Theory Review Cycle 2/3 <<<
2025-12-06 01:47:43 | INFO     | SYSTEM | Task Started: Theorizing...
2025-12-06 01:47:43 | INFO     | SYSTEM | Theory Developed. Field: Multivariate Weather Forecasting with Physics-Informed Deep Learning
2025-12-06 01:47:43 | INFO     | SYSTEM | Task Started: Theorizing...
2025-12-06 01:47:44 | INFO     | SYSTEM | Theory Developed. Field: Multivariate Weather Forecasting with Physics-Informed Deep Learning
2025-12-06 01:47:44 | INFO     | SYSTEM | ğŸ“„ Review file generated: workspace/mamba_weather_v2/reviews/02_Theory_Round_2_review.md
2025-12-06 01:47:44 | INFO     | SYSTEM | [02_Theory_Round_2] Autonomous Mode: Delegating to Reviewer Agent.
2025-12-06 01:47:44 | INFO     | SYSTEM | ğŸ§ Reviewer #2 evaluating: 02_Theory_Round_2 (Iter: 1)...
2025-12-06 01:47:54 | INFO     | SYSTEM | Review Result: ReviewDecision.REJECT (Score: 6/10)
2025-12-06 01:47:54 | INFO     | SYSTEM | ğŸ”„ Revision Requested: 1) Provide complete proofs for Theorems 1 and 2 with explicit assumptions and formal derivations. 2) Quantify the constraint enforcement parameter Î± and its relationship to system observability. 3) Derive explicit bounds for the regime detection probability Î´ in terms of OU process parameters. 4) Add a comparative theoretical analysis against other physics-informed SSMs (e.g., PDE-Nets, Hamiltonian Neural Networks) to better position the novelty. 5) Include numerical stability analysis of the adaptive discretization scheme with time-varying Î”_t.
2025-12-06 01:47:54 | INFO     | SYSTEM | 
>>> ğŸ›¡ï¸ Theory Review Cycle 3/3 <<<
2025-12-06 01:47:54 | INFO     | SYSTEM | Task Started: Theorizing...
2025-12-06 01:47:54 | INFO     | SYSTEM | Theory Developed. Field: Multivariate Weather Forecasting with Physics-Informed Deep Learning
2025-12-06 01:47:54 | INFO     | SYSTEM | Task Started: Theorizing...
2025-12-06 01:47:54 | INFO     | SYSTEM | Theory Developed. Field: Multivariate Weather Forecasting with Physics-Informed Deep Learning
2025-12-06 01:47:54 | INFO     | SYSTEM | ğŸ“„ Review file generated: workspace/mamba_weather_v2/reviews/02_Theory_Round_3_review.md
2025-12-06 01:47:54 | INFO     | SYSTEM | [02_Theory_Round_3] Autonomous Mode: Delegating to Reviewer Agent.
2025-12-06 01:47:54 | INFO     | SYSTEM | ğŸ§ Reviewer #2 evaluating: 02_Theory_Round_3 (Iter: 2)...
2025-12-06 01:47:54 | INFO     | SYSTEM | Review Result: ReviewDecision.REJECT (Score: 6/10)
2025-12-06 01:47:54 | INFO     | SYSTEM | ğŸ”„ Revision Requested: 1) Provide complete proofs for Theorems 1 and 2 with explicit assumptions and formal derivations. 2) Quantify the constraint enforcement parameter Î± and its relationship to system observability. 3) Derive explicit bounds for the regime detection probability Î´ in terms of OU process parameters. 4) Add a comparative theoretical analysis against other physics-informed SSMs (e.g., PDE-Nets, Hamiltonian Neural Networks) to better position the novelty. 5) Include numerical stability analysis of the adaptive discretization scheme with time-varying Î”_t.
2025-12-06 01:47:54 | WARNING  | SYSTEM | âš ï¸ Max loops reached. Saving latest draft.
2025-12-06 01:47:54 | INFO     | SYSTEM | ğŸ’¾ Project State saved to workspace/mamba_weather_v2/project_state.json
2025-12-06 01:47:54 | INFO     | SYSTEM | âœ… PHASE COMPLETE: THEORY
2025-12-06 01:47:54 | INFO     | SYSTEM | 
==================== PHASE START: ARCHITECT ====================
2025-12-06 01:47:54 | INFO     | SYSTEM | ğŸ“‚ Project State loaded from workspace/mamba_weather_v2/project_state.json
2025-12-06 01:47:54 | INFO     | SYSTEM | ğŸ’¾ Project State saved to workspace/mamba_weather_v2/project_state.json
2025-12-06 01:47:54 | INFO     | SYSTEM | 
>>> ğŸ›¡ï¸ Architect Review Cycle 1/2 <<<
2025-12-06 01:47:54 | INFO     | SYSTEM | Task Started: Architecting solution for Multivariate Weather Forecasting with Physics-Informed Deep Learning...
2025-12-06 01:51:04 | INFO     | SYSTEM | Blueprint generated. Planned 6 files.
2025-12-06 01:51:04 | INFO     | SYSTEM | ğŸ“„ Review file generated: workspace/mamba_weather_v2/reviews/03_Architect_Round_1_review.md
2025-12-06 01:51:04 | INFO     | SYSTEM | [03_Architect_Round_1] Autonomous Mode: Delegating to Reviewer Agent.
2025-12-06 01:51:04 | INFO     | SYSTEM | ğŸ§ Reviewer #2 evaluating: 03_Architect_Round_1 (Iter: 0)...
2025-12-06 01:51:15 | INFO     | SYSTEM | Review Result: ReviewDecision.REJECT (Score: 4/10)
2025-12-06 01:51:15 | INFO     | SYSTEM | ğŸ”„ Revision: 1) Provide mathematical formulations for all physics constraints with proper PDE discretization. 2) Justify the OU process for regime modeling with domain-specific reasoning. 3) Implement all placeholder classes with complete mathematical details. 4) Add verification methods to validate constraint satisfaction. 5) Specify exactly how internal states are accessed during training. 6) Include proper initialization schemes for physics-aware parameters.
2025-12-06 01:51:15 | INFO     | SYSTEM | 
>>> ğŸ›¡ï¸ Architect Review Cycle 2/2 <<<
2025-12-06 01:51:15 | INFO     | SYSTEM | Task Started: Architecting solution for Multivariate Weather Forecasting with Physics-Informed Deep Learning...
2025-12-06 01:55:20 | WARNING  | SYSTEM | [architect] Standard JSON parse failed. Attempting json_repair...
2025-12-06 01:55:20 | ERROR    | SYSTEM | [architect] Fatal JSON Error even after repair: 4 validation errors for DesignDocument
file_structure.3.classes.0.methods.0
  Input should be an object [type=model_type, input_value=['name'], input_type=list]
    For further information visit https://errors.pydantic.dev/2.12/v/model_type
data_flow_diagram
  Field required [type=missing, input_value={'project_name': 'PHYSICS...ethods': [['name']]}]}]}, input_type=dict]
    For further information visit https://errors.pydantic.dev/2.12/v/missing
hyperparameters
  Field required [type=missing, input_value={'project_name': 'PHYSICS...ethods': [['name']]}]}]}, input_type=dict]
    For further information visit https://errors.pydantic.dev/2.12/v/missing
main_execution_flow
  Field required [type=missing, input_value={'project_name': 'PHYSICS...ethods': [['name']]}]}]}, input_type=dict]
    For further information visit https://errors.pydantic.dev/2.12/v/missing
2025-12-06 01:55:20 | WARNING  | SYSTEM | [architect] Standard JSON parse failed. Attempting json_repair...
2025-12-06 01:55:20 | ERROR    | SYSTEM | [architect] Fatal JSON Error even after repair: 4 validation errors for DesignDocument
file_structure.3.classes.0.methods.0
  Input should be an object [type=model_type, input_value=['name'], input_type=list]
    For further information visit https://errors.pydantic.dev/2.12/v/model_type
data_flow_diagram
  Field required [type=missing, input_value={'project_name': 'PHYSICS...ethods': [['name']]}]}]}, input_type=dict]
    For further information visit https://errors.pydantic.dev/2.12/v/missing
hyperparameters
  Field required [type=missing, input_value={'project_name': 'PHYSICS...ethods': [['name']]}]}]}, input_type=dict]
    For further information visit https://errors.pydantic.dev/2.12/v/missing
main_execution_flow
  Field required [type=missing, input_value={'project_name': 'PHYSICS...ethods': [['name']]}]}]}, input_type=dict]
    For further information visit https://errors.pydantic.dev/2.12/v/missing
2025-12-06 01:55:21 | WARNING  | SYSTEM | [architect] Standard JSON parse failed. Attempting json_repair...
2025-12-06 01:55:21 | ERROR    | SYSTEM | [architect] Fatal JSON Error even after repair: 4 validation errors for DesignDocument
file_structure.3.classes.0.methods.0
  Input should be an object [type=model_type, input_value=['name'], input_type=list]
    For further information visit https://errors.pydantic.dev/2.12/v/model_type
data_flow_diagram
  Field required [type=missing, input_value={'project_name': 'PHYSICS...ethods': [['name']]}]}]}, input_type=dict]
    For further information visit https://errors.pydantic.dev/2.12/v/missing
hyperparameters
  Field required [type=missing, input_value={'project_name': 'PHYSICS...ethods': [['name']]}]}]}, input_type=dict]
    For further information visit https://errors.pydantic.dev/2.12/v/missing
main_execution_flow
  Field required [type=missing, input_value={'project_name': 'PHYSICS...ethods': [['name']]}]}]}, input_type=dict]
    For further information visit https://errors.pydantic.dev/2.12/v/missing
2025-12-06 01:55:21 | ERROR    | SYSTEM | [architect] Struct parse failed finally: JSON Parse Error: 4 validation errors for DesignDocument
file_structure.3.classes.0.methods.0
  Input should be an object [type=model_type, input_value=['name'], input_type=list]
    For further information visit https://errors.pydantic.dev/2.12/v/model_type
data_flow_diagram
  Field required [type=missing, input_value={'project_name': 'PHYSICS...ethods': [['name']]}]}]}, input_type=dict]
    For further information visit https://errors.pydantic.dev/2.12/v/missing
hyperparameters
  Field required [type=missing, input_value={'project_name': 'PHYSICS...ethods': [['name']]}]}]}, input_type=dict]
    For further information visit https://errors.pydantic.dev/2.12/v/missing
main_execution_flow
  Field required [type=missing, input_value={'project_name': 'PHYSICS...ethods': [['name']]}]}]}, input_type=dict]
    For further information visit https://errors.pydantic.dev/2.12/v/missing
2025-12-06 01:55:21 | ERROR    | SYSTEM | Architect internal loop error: Agent architect failed struct parsing.
2025-12-06 01:55:21 | INFO     | SYSTEM | ğŸ“„ Review file generated: workspace/mamba_weather_v2/reviews/03_Architect_Round_2_review.md
2025-12-06 01:55:21 | INFO     | SYSTEM | [03_Architect_Round_2] Autonomous Mode: Delegating to Reviewer Agent.
2025-12-06 01:55:21 | INFO     | SYSTEM | ğŸ§ Reviewer #2 evaluating: 03_Architect_Round_2 (Iter: 1)...
2025-12-06 01:55:32 | INFO     | SYSTEM | Review Result: ReviewDecision.REJECT (Score: 5/10)
2025-12-06 01:55:32 | INFO     | SYSTEM | ğŸ”„ Revision: 1) Provide explicit mathematical mapping: Show how the code implements the theoretical state space equations with physics constraints. 2) Strengthen the regime-state connection: Demonstrate mathematically how regime transitions influence the SSM parameters. 3) Conduct rigorous baseline comparison: Add quantitative analysis comparing against standard weather models (e.g., GraphCast, FourCastNet) and show where physics constraints provide measurable improvements. 4) Include ablation studies to validate each architectural component's contribution.
2025-12-06 01:55:32 | WARNING  | SYSTEM | âš ï¸ Max loops reached. Saving latest design.
2025-12-06 01:55:32 | INFO     | SYSTEM | ğŸ’¾ Project State saved to workspace/mamba_weather_v2/project_state.json
2025-12-06 01:55:32 | INFO     | SYSTEM | âœ… PHASE COMPLETE: ARCHITECT
2025-12-06 02:07:08 | INFO     | SYSTEM | ğŸ“‚ Project State loaded from workspace/mamba_weather_v2/project_state.json
2025-12-06 02:07:08 | INFO     | SYSTEM | 
==================== PHASE START: RESEARCH ====================
2025-12-06 02:07:08 | INFO     | SYSTEM | ğŸ“‚ Project State loaded from workspace/mamba_weather_v2/project_state.json
2025-12-06 02:07:08 | INFO     | SYSTEM | ğŸ’¾ Project State saved to workspace/mamba_weather_v2/project_state.json
2025-12-06 02:07:08 | INFO     | SYSTEM | â© Phase research already completed. Skipping...
2025-12-06 02:07:08 | INFO     | SYSTEM | 
==================== PHASE START: THEORY ====================
2025-12-06 02:07:09 | INFO     | SYSTEM | ğŸ“‚ Project State loaded from workspace/mamba_weather_v2/project_state.json
2025-12-06 02:07:09 | INFO     | SYSTEM | ğŸ’¾ Project State saved to workspace/mamba_weather_v2/project_state.json
2025-12-06 02:07:09 | INFO     | SYSTEM | 
=== ğŸ“– Starting Paper Ingestion Workflow ===
2025-12-06 02:07:11 | INFO     | SYSTEM | Ingesting PDFs...
2025-12-06 02:07:11 | INFO     | SYSTEM | ğŸ“„ Reading paper_1.pdf (Pages 1-12)...
2025-12-06 02:07:13 | INFO     | SYSTEM |    -> Extraction finished. Length: 35003 chars.
2025-12-06 02:07:13 | INFO     | SYSTEM | ğŸ“„ Reading paper_2.pdf (Pages 1-12)...
2025-12-06 02:07:13 | INFO     | SYSTEM |    -> Extraction finished. Length: 40697 chars.
2025-12-06 02:07:13 | INFO     | SYSTEM | ğŸ“„ Reading paper_3.pdf (Pages 1-12)...
2025-12-06 02:07:14 | INFO     | SYSTEM |    -> Extraction finished. Length: 30947 chars.
2025-12-06 02:07:14 | INFO     | SYSTEM | 
>>> ğŸ›¡ï¸ Theory Review Cycle 1/3 <<<
2025-12-06 02:07:14 | INFO     | SYSTEM |    --- Internal Theory Step 1 (Instruction: Draft the initial theoretical framework based on t...) ---
2025-12-06 02:07:14 | INFO     | SYSTEM | Task Started: Theorizing...
2025-12-06 02:07:45 | INFO     | SYSTEM | Theory Developed. Field: Multivariate Time Series Forecasting with Physics-Informed Deep Learning
2025-12-06 02:07:45 | INFO     | SYSTEM |    --- Internal Theory Step 2 (Instruction: CRITICAL SELF-REFLECTION: Identify one weak mathem...) ---
2025-12-06 02:07:45 | INFO     | SYSTEM | Task Started: Theorizing...
2025-12-06 02:07:46 | INFO     | SYSTEM | Theory Developed. Field: Multivariate Time Series Forecasting with Physics-Informed Deep Learning
2025-12-06 02:07:46 | INFO     | SYSTEM | ğŸ“„ Review file generated: workspace/mamba_weather_v2/reviews/02_Theory_Round_1_review.md
2025-12-06 02:07:46 | INFO     | SYSTEM | [02_Theory_Round_1] Autonomous Mode: Delegating to Reviewer Agent.
2025-12-06 02:07:46 | INFO     | SYSTEM | ğŸ§ Reviewer #2 evaluating: 02_Theory_Round_1 (Iter: 0)...
2025-12-06 02:07:59 | INFO     | SYSTEM | Review Result: ReviewDecision.REJECT (Score: 6/10)
2025-12-06 02:07:59 | INFO     | SYSTEM | ğŸ”„ Revision Requested: 1) Formalize all theorems with complete proofs: Define all terms, state explicit assumptions, and provide step-by-step derivations for error bounds and stability claims. 2) Conduct proper gap analysis: Quantify the performance gap between existing methods and your approach on specific physical metrics (e.g., conservation law violation magnitude). 3) Provide ablation studies: Theoretically analyze the contribution of each component (regime-aware discretization, spectral encoding, etc.) to the overall performance. 4) Detail the optimization procedure: Explain how hard constraints are enforced via Lagrangian multipliers in practice and provide convergence analysis for the proposed multi-loss objective.
2025-12-06 02:07:59 | INFO     | SYSTEM | 
>>> ğŸ›¡ï¸ Theory Review Cycle 2/3 <<<
2025-12-06 02:07:59 | INFO     | SYSTEM |    --- Internal Theory Step 1 (Instruction: 1) Formalize all theorems with complete proofs: De...) ---
2025-12-06 02:07:59 | INFO     | SYSTEM | Task Started: Theorizing...
2025-12-06 02:07:59 | INFO     | SYSTEM | Theory Developed. Field: Multivariate Time Series Forecasting with Physics-Informed Deep Learning
2025-12-06 02:07:59 | INFO     | SYSTEM |    --- Internal Theory Step 2 (Instruction: CRITICAL SELF-REFLECTION: Identify one weak mathem...) ---
2025-12-06 02:07:59 | INFO     | SYSTEM | Task Started: Theorizing...
2025-12-06 02:08:01 | INFO     | SYSTEM | Theory Developed. Field: Multivariate Time Series Forecasting with Physics-Informed Deep Learning
2025-12-06 02:08:01 | INFO     | SYSTEM | ğŸ“„ Review file generated: workspace/mamba_weather_v2/reviews/02_Theory_Round_2_review.md
2025-12-06 02:08:01 | INFO     | SYSTEM | [02_Theory_Round_2] Autonomous Mode: Delegating to Reviewer Agent.
2025-12-06 02:08:01 | INFO     | SYSTEM | ğŸ§ Reviewer #2 evaluating: 02_Theory_Round_2 (Iter: 1)...
2025-12-06 02:08:10 | INFO     | SYSTEM | Review Result: ReviewDecision.REJECT (Score: 6/10)
2025-12-06 02:08:10 | INFO     | SYSTEM | ğŸ”„ Revision Requested: Provide complete formal proofs for Theorem 1 and Theorem 2 with detailed error analysis and convergence guarantees. Strengthen the gap analysis by quantitatively comparing against recent physics-informed neural operators and constrained deep learning approaches. Explicitly derive the connection between the Ornstein-Uhlenbeck process and the state-space discretization, including stability analysis. Demonstrate how the spectral position encoding quantitatively improves upon standard positional encodings in the context of physical constraint satisfaction. Add complexity analysis comparing against recent efficient transformers and state-space models beyond the basic transformer comparison.
2025-12-06 02:08:10 | INFO     | SYSTEM | 
>>> ğŸ›¡ï¸ Theory Review Cycle 3/3 <<<
2025-12-06 02:08:10 | INFO     | SYSTEM |    --- Internal Theory Step 1 (Instruction: Provide complete formal proofs for Theorem 1 and T...) ---
2025-12-06 02:08:10 | INFO     | SYSTEM | Task Started: Theorizing...
2025-12-06 02:08:10 | INFO     | SYSTEM | Theory Developed. Field: Multivariate Time Series Forecasting with Physics-Informed Deep Learning
2025-12-06 02:08:10 | INFO     | SYSTEM |    --- Internal Theory Step 2 (Instruction: CRITICAL SELF-REFLECTION: Identify one weak mathem...) ---
2025-12-06 02:08:10 | INFO     | SYSTEM | Task Started: Theorizing...
2025-12-06 02:08:10 | INFO     | SYSTEM | Theory Developed. Field: Multivariate Time Series Forecasting with Physics-Informed Deep Learning
2025-12-06 02:08:10 | INFO     | SYSTEM | ğŸ“„ Review file generated: workspace/mamba_weather_v2/reviews/02_Theory_Round_3_review.md
2025-12-06 02:08:10 | INFO     | SYSTEM | [02_Theory_Round_3] Autonomous Mode: Delegating to Reviewer Agent.
2025-12-06 02:08:10 | INFO     | SYSTEM | ğŸ§ Reviewer #2 evaluating: 02_Theory_Round_3 (Iter: 2)...
2025-12-06 02:08:11 | INFO     | SYSTEM | Review Result: ReviewDecision.REJECT (Score: 6/10)
2025-12-06 02:08:11 | INFO     | SYSTEM | ğŸ”„ Revision Requested: Provide complete formal proofs for Theorem 1 and Theorem 2 with detailed error analysis and convergence guarantees. Strengthen the gap analysis by quantitatively comparing against recent physics-informed neural operators and constrained deep learning approaches. Explicitly derive the connection between the Ornstein-Uhlenbeck process and the state-space discretization, including stability analysis. Demonstrate how the spectral position encoding quantitatively improves upon standard positional encodings in the context of physical constraint satisfaction. Add complexity analysis comparing against recent efficient transformers and state-space models beyond the basic transformer comparison.
2025-12-06 02:08:11 | WARNING  | SYSTEM | âš ï¸ Max loops reached. Saving latest draft.
2025-12-06 02:08:11 | INFO     | SYSTEM | ğŸ’¾ Project State saved to workspace/mamba_weather_v2/project_state.json
2025-12-06 02:08:11 | INFO     | SYSTEM | âœ… PHASE COMPLETE: THEORY
2025-12-06 02:08:11 | INFO     | SYSTEM | 
==================== PHASE START: ARCHITECT ====================
2025-12-06 02:08:11 | INFO     | SYSTEM | ğŸ“‚ Project State loaded from workspace/mamba_weather_v2/project_state.json
2025-12-06 02:08:11 | INFO     | SYSTEM | ğŸ’¾ Project State saved to workspace/mamba_weather_v2/project_state.json
2025-12-06 02:08:11 | INFO     | SYSTEM | 
>>> ğŸ›¡ï¸ Architect Review Cycle 1/2 <<<
2025-12-06 02:08:11 | INFO     | SYSTEM | Task Started: Architecting solution for Multivariate Time Series Forecasting with Physics-Informed Deep Learning...
2025-12-06 02:10:49 | INFO     | SYSTEM | Blueprint generated. Planned 5 files.
2025-12-06 02:10:49 | INFO     | SYSTEM | ğŸ“„ Review file generated: workspace/mamba_weather_v2/reviews/03_Architect_Round_1_review.md
2025-12-06 02:10:49 | INFO     | SYSTEM | [03_Architect_Round_1] Autonomous Mode: Delegating to Reviewer Agent.
2025-12-06 02:10:49 | INFO     | SYSTEM | ğŸ§ Reviewer #2 evaluating: 03_Architect_Round_1 (Iter: 0)...
2025-12-06 02:11:01 | INFO     | SYSTEM | Review Result: ReviewDecision.REJECT (Score: 4/10)
2025-12-06 02:11:01 | INFO     | SYSTEM | ğŸ”„ Revision: 1. Implement a proper configuration system (YAML/JSON) to centralize all hyperparameters. 2. Provide rigorous mathematical justification for how the Lagrangian constraints enforce actual atmospheric physics principles. 3. Enhance the physics loss with domain-specific conservation laws (e.g., potential vorticity, geostrophic balance). 4. Add validation that regime states correlate with actual atmospheric patterns. 5. Implement proper state management across training batches. 6. Specify required data schema for physics metadata.
2025-12-06 02:11:01 | INFO     | SYSTEM | 
>>> ğŸ›¡ï¸ Architect Review Cycle 2/2 <<<
2025-12-06 02:11:01 | INFO     | SYSTEM | Task Started: Architecting solution for Multivariate Time Series Forecasting with Physics-Informed Deep Learning...
2025-12-06 02:14:29 | INFO     | SYSTEM | Blueprint generated. Planned 7 files.
2025-12-06 02:14:29 | INFO     | SYSTEM | ğŸ“„ Review file generated: workspace/mamba_weather_v2/reviews/03_Architect_Round_2_review.md
2025-12-06 02:14:29 | INFO     | SYSTEM | [03_Architect_Round_2] Autonomous Mode: Delegating to Reviewer Agent.
2025-12-06 02:14:29 | INFO     | SYSTEM | ğŸ§ Reviewer #2 evaluating: 03_Architect_Round_2 (Iter: 1)...
2025-12-06 02:14:40 | INFO     | SYSTEM | Review Result: ReviewDecision.REJECT (Score: 5/10)
2025-12-06 02:14:40 | INFO     | SYSTEM | ğŸ”„ Revision: 1) Implement actual Lagrangian multiplier constraint enforcement with proper mathematical formulation in PhysicsConstrainedSSM. 2) Replace generic conservation laws with domain-specific atmospheric physics equations (Navier-Stokes, geostrophic balance, potential vorticity conservation) with proper discretization. 3) Develop rigorous regime initialization from atmospheric data patterns rather than random OU process. 4) Fix state manager to properly handle variable batch sizes with state reset mechanisms. 5) Provide explicit mapping between theoretical equations and their code implementations.
2025-12-06 02:14:40 | WARNING  | SYSTEM | âš ï¸ Max loops reached. Saving latest design.
2025-12-06 02:14:40 | INFO     | SYSTEM | ğŸ’¾ Project State saved to workspace/mamba_weather_v2/project_state.json
2025-12-06 02:14:40 | INFO     | SYSTEM | âœ… PHASE COMPLETE: ARCHITECT
2025-12-06 02:16:15 | INFO     | SYSTEM | ğŸ“‚ Project State loaded from workspace/mamba_weather_v2/project_state.json
2025-12-06 02:16:15 | INFO     | SYSTEM | 
==================== PHASE START: RESEARCH ====================
2025-12-06 02:16:15 | INFO     | SYSTEM | ğŸ“‚ Project State loaded from workspace/mamba_weather_v2/project_state.json
2025-12-06 02:16:15 | INFO     | SYSTEM | ğŸ’¾ Project State saved to workspace/mamba_weather_v2/project_state.json
2025-12-06 02:16:15 | INFO     | SYSTEM | â© Phase research already completed. Skipping...
2025-12-06 02:16:15 | INFO     | SYSTEM | 
==================== PHASE START: THEORY ====================
2025-12-06 02:16:15 | INFO     | SYSTEM | ğŸ“‚ Project State loaded from workspace/mamba_weather_v2/project_state.json
2025-12-06 02:16:15 | INFO     | SYSTEM | ğŸ’¾ Project State saved to workspace/mamba_weather_v2/project_state.json
2025-12-06 02:16:15 | INFO     | SYSTEM | â© Phase theory already completed. Skipping...
2025-12-06 02:16:15 | INFO     | SYSTEM | 
==================== PHASE START: ARCHITECT ====================
2025-12-06 02:16:15 | INFO     | SYSTEM | ğŸ“‚ Project State loaded from workspace/mamba_weather_v2/project_state.json
2025-12-06 02:16:15 | INFO     | SYSTEM | ğŸ’¾ Project State saved to workspace/mamba_weather_v2/project_state.json
2025-12-06 02:16:15 | INFO     | SYSTEM | â© Phase architect already completed. Skipping...
2025-12-06 02:18:44 | INFO     | SYSTEM | ğŸ“‚ Project State loaded from workspace/mamba_weather_v2/project_state.json
2025-12-06 02:18:44 | INFO     | SYSTEM | 
==================== PHASE START: RESEARCH ====================
2025-12-06 02:18:44 | INFO     | SYSTEM | ğŸ“‚ Project State loaded from workspace/mamba_weather_v2/project_state.json
2025-12-06 02:18:44 | INFO     | SYSTEM | ğŸ’¾ Project State saved to workspace/mamba_weather_v2/project_state.json
2025-12-06 02:18:44 | INFO     | SYSTEM | â© Phase research already completed. Skipping...
2025-12-06 02:18:44 | INFO     | SYSTEM | 
==================== PHASE START: THEORY ====================
2025-12-06 02:18:44 | INFO     | SYSTEM | ğŸ“‚ Project State loaded from workspace/mamba_weather_v2/project_state.json
2025-12-06 02:18:44 | INFO     | SYSTEM | ğŸ’¾ Project State saved to workspace/mamba_weather_v2/project_state.json
2025-12-06 02:18:44 | INFO     | SYSTEM | 
=== ğŸ“– Starting Paper Ingestion Workflow ===
2025-12-06 02:18:47 | INFO     | SYSTEM | Ingesting PDFs...
2025-12-06 02:18:47 | INFO     | SYSTEM | ğŸ“„ Reading paper_1.pdf (Pages 1-12)...
2025-12-06 02:18:48 | INFO     | SYSTEM |    -> Extraction finished. Length: 35003 chars.
2025-12-06 02:18:48 | INFO     | SYSTEM | ğŸ“„ Reading paper_2.pdf (Pages 1-12)...
2025-12-06 02:18:48 | INFO     | SYSTEM |    -> Extraction finished. Length: 40697 chars.
2025-12-06 02:18:48 | INFO     | SYSTEM | ğŸ“„ Reading paper_3.pdf (Pages 1-12)...
2025-12-06 02:18:49 | INFO     | SYSTEM |    -> Extraction finished. Length: 30947 chars.
2025-12-06 02:18:49 | INFO     | SYSTEM | 
>>> ğŸ›¡ï¸ Theory Review Cycle 1/3 <<<
2025-12-06 02:18:49 | INFO     | SYSTEM |    --- Internal Step 1 ---
2025-12-06 02:18:49 | INFO     | SYSTEM | Task Started: Theorizing...
2025-12-06 02:19:23 | INFO     | SYSTEM | Theory Developed. Field: Multivariate Weather Forecasting with Physics-Informed Deep Learning
2025-12-06 02:19:23 | INFO     | SYSTEM |    --- Internal Step 2 ---
2025-12-06 02:19:23 | INFO     | SYSTEM | Task Started: Theorizing...
2025-12-06 02:19:23 | INFO     | SYSTEM | Theory Developed. Field: Multivariate Weather Forecasting with Physics-Informed Deep Learning
2025-12-06 02:19:23 | WARNING  | SYSTEM | âš ï¸ Theorist output is identical to previous draft. Agent might be stuck.
2025-12-06 02:19:23 | INFO     | SYSTEM | ğŸ“„ Review file generated: workspace/mamba_weather_v2/reviews/02_Theory_Round_1_review.md
2025-12-06 02:19:23 | INFO     | SYSTEM | [02_Theory_Round_1] Autonomous Mode: Delegating to Reviewer Agent.
2025-12-06 02:19:23 | INFO     | SYSTEM | ğŸ§ Reviewer #2 evaluating: 02_Theory_Round_1 (Iter: 0)...
2025-12-06 02:19:39 | INFO     | SYSTEM | Review Result: ReviewDecision.REJECT (Score: 5/10)
2025-12-06 02:19:39 | INFO     | SYSTEM | 
>>> ğŸ›¡ï¸ Theory Review Cycle 2/3 <<<
2025-12-06 02:19:39 | INFO     | SYSTEM |    --- Internal Step 1 ---
2025-12-06 02:19:39 | INFO     | SYSTEM | Task Started: Theorizing...
2025-12-06 02:19:39 | INFO     | SYSTEM | Theory Developed. Field: Multivariate Weather Forecasting with Physics-Informed Deep Learning
2025-12-06 02:19:39 | WARNING  | SYSTEM | âš ï¸ Theorist output is identical to previous draft. Agent might be stuck.
2025-12-06 02:19:39 | INFO     | SYSTEM |    --- Internal Step 2 ---
2025-12-06 02:19:39 | INFO     | SYSTEM | Task Started: Theorizing...
2025-12-06 02:19:39 | INFO     | SYSTEM | Theory Developed. Field: Multivariate Weather Forecasting with Physics-Informed Deep Learning
2025-12-06 02:19:39 | WARNING  | SYSTEM | âš ï¸ Theorist output is identical to previous draft. Agent might be stuck.
2025-12-06 02:19:39 | INFO     | SYSTEM | ğŸ“„ Review file generated: workspace/mamba_weather_v2/reviews/02_Theory_Round_2_review.md
2025-12-06 02:19:39 | INFO     | SYSTEM | [02_Theory_Round_2] Autonomous Mode: Delegating to Reviewer Agent.
2025-12-06 02:19:39 | INFO     | SYSTEM | ğŸ§ Reviewer #2 evaluating: 02_Theory_Round_2 (Iter: 1)...
2025-12-06 02:19:52 | INFO     | SYSTEM | Review Result: ReviewDecision.REJECT (Score: 6/10)
2025-12-06 02:19:52 | INFO     | SYSTEM | 
>>> ğŸ›¡ï¸ Theory Review Cycle 3/3 <<<
2025-12-06 02:19:52 | INFO     | SYSTEM |    --- Internal Step 1 ---
2025-12-06 02:19:52 | INFO     | SYSTEM | Task Started: Theorizing...
2025-12-06 02:19:52 | INFO     | SYSTEM | Theory Developed. Field: Multivariate Weather Forecasting with Physics-Informed Deep Learning
2025-12-06 02:19:52 | WARNING  | SYSTEM | âš ï¸ Theorist output is identical to previous draft. Agent might be stuck.
2025-12-06 02:19:52 | INFO     | SYSTEM |    --- Internal Step 2 ---
2025-12-06 02:19:52 | INFO     | SYSTEM | Task Started: Theorizing...
2025-12-06 02:19:53 | INFO     | SYSTEM | Theory Developed. Field: Multivariate Weather Forecasting with Physics-Informed Deep Learning
2025-12-06 02:19:53 | WARNING  | SYSTEM | âš ï¸ Theorist output is identical to previous draft. Agent might be stuck.
2025-12-06 02:19:53 | INFO     | SYSTEM | ğŸ“„ Review file generated: workspace/mamba_weather_v2/reviews/02_Theory_Round_3_review.md
2025-12-06 02:19:53 | INFO     | SYSTEM | [02_Theory_Round_3] Autonomous Mode: Delegating to Reviewer Agent.
2025-12-06 02:19:53 | INFO     | SYSTEM | ğŸ§ Reviewer #2 evaluating: 02_Theory_Round_3 (Iter: 2)...
2025-12-06 02:19:53 | INFO     | SYSTEM | Review Result: ReviewDecision.REJECT (Score: 6/10)
2025-12-06 02:19:53 | INFO     | SYSTEM | ğŸ’¾ Project State saved to workspace/mamba_weather_v2/project_state.json
2025-12-06 02:19:53 | INFO     | SYSTEM | âœ… PHASE COMPLETE: THEORY
2025-12-06 02:19:53 | INFO     | SYSTEM | 
==================== PHASE START: ARCHITECT ====================
2025-12-06 02:19:53 | INFO     | SYSTEM | ğŸ“‚ Project State loaded from workspace/mamba_weather_v2/project_state.json
2025-12-06 02:19:53 | INFO     | SYSTEM | ğŸ’¾ Project State saved to workspace/mamba_weather_v2/project_state.json
2025-12-06 02:19:53 | INFO     | SYSTEM | 
>>> ğŸ›¡ï¸ Architect Review Cycle 1/2 <<<
2025-12-06 02:19:53 | INFO     | SYSTEM | Task Started: Architecting solution for Multivariate Weather Forecasting with Physics-Informed Deep Learning...
2025-12-06 02:22:05 | INFO     | SYSTEM | Blueprint generated. Planned 5 files.
2025-12-06 02:22:05 | INFO     | SYSTEM | ğŸ“„ Review file generated: workspace/mamba_weather_v2/reviews/03_Architect_Round_1_review.md
2025-12-06 02:22:05 | INFO     | SYSTEM | [03_Architect_Round_1] Autonomous Mode: Delegating to Reviewer Agent.
2025-12-06 02:22:05 | INFO     | SYSTEM | ğŸ§ Reviewer #2 evaluating: 03_Architect_Round_1 (Iter: 0)...
2025-12-06 02:22:16 | INFO     | SYSTEM | Review Result: ReviewDecision.REJECT (Score: 5/10)
2025-12-06 02:22:16 | INFO     | SYSTEM | 
>>> ğŸ›¡ï¸ Architect Review Cycle 2/2 <<<
2025-12-06 02:22:16 | INFO     | SYSTEM | Task Started: Architecting solution for Multivariate Weather Forecasting with Physics-Informed Deep Learning...
2025-12-06 02:25:47 | INFO     | SYSTEM | Blueprint generated. Planned 9 files.
2025-12-06 02:25:47 | INFO     | SYSTEM | ğŸ“„ Review file generated: workspace/mamba_weather_v2/reviews/03_Architect_Round_2_review.md
2025-12-06 02:25:47 | INFO     | SYSTEM | [03_Architect_Round_2] Autonomous Mode: Delegating to Reviewer Agent.
2025-12-06 02:25:47 | INFO     | SYSTEM | ğŸ§ Reviewer #2 evaluating: 03_Architect_Round_2 (Iter: 1)...
2025-12-06 02:25:56 | INFO     | SYSTEM | Review Result: ReviewDecision.REJECT (Score: 6/10)
2025-12-06 02:25:56 | INFO     | SYSTEM | ğŸ’¾ Project State saved to workspace/mamba_weather_v2/project_state.json
2025-12-06 02:25:56 | INFO     | SYSTEM | âœ… PHASE COMPLETE: ARCHITECT
